================================================================
== Vivado RTL Synthesis Results
================================================================
+ General Information:
    * Date:            Fri May 02 21:37:16 EDT 2025
    * Version:         2024.2 (Build 6049644 on Mar  5 2025)
    * Project:         project_1
    * Solution:        solution1 (Vivado IP Flow Target)
    * Product family:  aversalaiedge
    * Target device:   xave1752-vsva1596-1LJ-i-S


================================================================
== Run Constraints & Options
================================================================
+ Design Constraints & Options:
    * RTL Synthesis target clock:  10 ns
    * C-Synthesis target clock:    10 ns
    * C-Synthesis uncertainty:     27%

+ RTL Synthesis Options:
    * config_export -vivado_synth_strategy:     default
    * config_export -vivado_synth_design_args:  -directive sdx_optimization_effort_high

+ Reporting Options:
    * config_export -vivado_report_level:      2
    * config_export -vivado_max_timing_paths:  10


================================================================
== RTL Synthesis Resource Summary
================================================================
LUT:              43119
FF:               36352
DSP:              128
BRAM:             0
URAM:             0
SRL:              19848


================================================================
== RTL Synthesis Timing Summary
================================================================
* Timing was met
+----------------+-------------+
| Timing         | Period (ns) |
+----------------+-------------+
| Target         | 10.000      |
| Post-Synthesis | 6.790       |
+----------------+-------------+


================================================================
== RTL Synthesis Resources
================================================================
+----------------------------------------------------------------+-------+-------+-----+------+------+-----+--------+------+---------+----------+--------+
| Name                                                           | LUT   | FF    | DSP | BRAM | URAM | SRL | Pragma | Impl | Latency | Variable | Source |
+----------------------------------------------------------------+-------+-------+-----+------+------+-----+--------+------+---------+----------+--------+
| inst                                                           | 43119 | 36352 | 128 |      |      |     |        |      |         |          |        |
|   (inst)                                                       | 13    | 8249  |     |      |      |     |        |      |         |          |        |
|   grp_circular_convolution_3d_Pipeline_conv_outer_fu_2353      | 37178 | 23198 | 128 |      |      |     |        |      |         |          |        |
|     (grp_circular_convolution_3d_Pipeline_conv_outer_fu_2353)  | 30851 | 23196 |     |      |      |     |        |      |         |          |        |
|     flow_control_loop_pipe_sequential_init_U                   | 119   | 2     |     |      |      |     |        |      |         |          |        |
|     fmadd_32ns_32ns_32ns_32ns_32_1_primitive_dsp_1_U100        | 48    |       | 1   |      |      |     |        |      |         |          |        |
|     fmadd_32ns_32ns_32ns_32ns_32_1_primitive_dsp_1_U101        | 48    |       | 1   |      |      |     |        |      |         |          |        |
|     fmadd_32ns_32ns_32ns_32ns_32_1_primitive_dsp_1_U102        | 48    |       | 1   |      |      |     |        |      |         |          |        |
|     fmadd_32ns_32ns_32ns_32ns_32_1_primitive_dsp_1_U103        | 48    |       | 1   |      |      |     |        |      |         |          |        |
|     fmadd_32ns_32ns_32ns_32ns_32_1_primitive_dsp_1_U104        | 48    |       | 1   |      |      |     |        |      |         |          |        |
|     fmadd_32ns_32ns_32ns_32ns_32_1_primitive_dsp_1_U105        | 48    |       | 1   |      |      |     |        |      |         |          |        |
|     fmadd_32ns_32ns_32ns_32ns_32_1_primitive_dsp_1_U106        | 48    |       | 1   |      |      |     |        |      |         |          |        |
|     fmadd_32ns_32ns_32ns_32ns_32_1_primitive_dsp_1_U107        | 48    |       | 1   |      |      |     |        |      |         |          |        |
|     fmadd_32ns_32ns_32ns_32ns_32_1_primitive_dsp_1_U108        | 48    |       | 1   |      |      |     |        |      |         |          |        |
|     fmadd_32ns_32ns_32ns_32ns_32_1_primitive_dsp_1_U109        | 48    |       | 1   |      |      |     |        |      |         |          |        |
|     fmadd_32ns_32ns_32ns_32ns_32_1_primitive_dsp_1_U110        | 48    |       | 1   |      |      |     |        |      |         |          |        |
|     fmadd_32ns_32ns_32ns_32ns_32_1_primitive_dsp_1_U111        | 48    |       | 1   |      |      |     |        |      |         |          |        |
|     fmadd_32ns_32ns_32ns_32ns_32_1_primitive_dsp_1_U112        | 48    |       | 1   |      |      |     |        |      |         |          |        |
|     fmadd_32ns_32ns_32ns_32ns_32_1_primitive_dsp_1_U113        | 48    |       | 1   |      |      |     |        |      |         |          |        |
|     fmadd_32ns_32ns_32ns_32ns_32_1_primitive_dsp_1_U114        | 48    |       | 1   |      |      |     |        |      |         |          |        |
|     fmadd_32ns_32ns_32ns_32ns_32_1_primitive_dsp_1_U115        | 48    |       | 1   |      |      |     |        |      |         |          |        |
|     fmadd_32ns_32ns_32ns_32ns_32_1_primitive_dsp_1_U116        | 48    |       | 1   |      |      |     |        |      |         |          |        |
|     fmadd_32ns_32ns_32ns_32ns_32_1_primitive_dsp_1_U117        | 48    |       | 1   |      |      |     |        |      |         |          |        |
|     fmadd_32ns_32ns_32ns_32ns_32_1_primitive_dsp_1_U118        | 48    |       | 1   |      |      |     |        |      |         |          |        |
|     fmadd_32ns_32ns_32ns_32ns_32_1_primitive_dsp_1_U119        | 48    |       | 1   |      |      |     |        |      |         |          |        |
|     fmadd_32ns_32ns_32ns_32ns_32_1_primitive_dsp_1_U120        | 48    |       | 1   |      |      |     |        |      |         |          |        |
|     fmadd_32ns_32ns_32ns_32ns_32_1_primitive_dsp_1_U121        | 48    |       | 1   |      |      |     |        |      |         |          |        |
|     fmadd_32ns_32ns_32ns_32ns_32_1_primitive_dsp_1_U122        | 48    |       | 1   |      |      |     |        |      |         |          |        |
|     fmadd_32ns_32ns_32ns_32ns_32_1_primitive_dsp_1_U123        | 48    |       | 1   |      |      |     |        |      |         |          |        |
|     fmadd_32ns_32ns_32ns_32ns_32_1_primitive_dsp_1_U124        | 48    |       | 1   |      |      |     |        |      |         |          |        |
|     fmadd_32ns_32ns_32ns_32ns_32_1_primitive_dsp_1_U125        | 48    |       | 1   |      |      |     |        |      |         |          |        |
|     fmadd_32ns_32ns_32ns_32ns_32_1_primitive_dsp_1_U126        | 48    |       | 1   |      |      |     |        |      |         |          |        |
|     fmadd_32ns_32ns_32ns_32ns_32_1_primitive_dsp_1_U127        | 48    |       | 1   |      |      |     |        |      |         |          |        |
|     fmadd_32ns_32ns_32ns_32ns_32_1_primitive_dsp_1_U128        | 48    |       | 1   |      |      |     |        |      |         |          |        |
|     fmadd_32ns_32ns_32ns_32ns_32_1_primitive_dsp_1_U129        | 48    |       | 1   |      |      |     |        |      |         |          |        |
|     fmadd_32ns_32ns_32ns_32ns_32_1_primitive_dsp_1_U130        | 48    |       | 1   |      |      |     |        |      |         |          |        |
|     fmadd_32ns_32ns_32ns_32ns_32_1_primitive_dsp_1_U131        | 48    |       | 1   |      |      |     |        |      |         |          |        |
|     fmadd_32ns_32ns_32ns_32ns_32_1_primitive_dsp_1_U132        | 48    |       | 1   |      |      |     |        |      |         |          |        |
|     fmadd_32ns_32ns_32ns_32ns_32_1_primitive_dsp_1_U133        | 48    |       | 1   |      |      |     |        |      |         |          |        |
|     fmadd_32ns_32ns_32ns_32ns_32_1_primitive_dsp_1_U134        | 48    |       | 1   |      |      |     |        |      |         |          |        |
|     fmadd_32ns_32ns_32ns_32ns_32_1_primitive_dsp_1_U135        | 48    |       | 1   |      |      |     |        |      |         |          |        |
|     fmadd_32ns_32ns_32ns_32ns_32_1_primitive_dsp_1_U136        | 48    |       | 1   |      |      |     |        |      |         |          |        |
|     fmadd_32ns_32ns_32ns_32ns_32_1_primitive_dsp_1_U137        | 48    |       | 1   |      |      |     |        |      |         |          |        |
|     fmadd_32ns_32ns_32ns_32ns_32_1_primitive_dsp_1_U138        | 48    |       | 1   |      |      |     |        |      |         |          |        |
|     fmadd_32ns_32ns_32ns_32ns_32_1_primitive_dsp_1_U139        | 48    |       | 1   |      |      |     |        |      |         |          |        |
|     fmadd_32ns_32ns_32ns_32ns_32_1_primitive_dsp_1_U140        | 48    |       | 1   |      |      |     |        |      |         |          |        |
|     fmadd_32ns_32ns_32ns_32ns_32_1_primitive_dsp_1_U141        | 48    |       | 1   |      |      |     |        |      |         |          |        |
|     fmadd_32ns_32ns_32ns_32ns_32_1_primitive_dsp_1_U142        | 48    |       | 1   |      |      |     |        |      |         |          |        |
|     fmadd_32ns_32ns_32ns_32ns_32_1_primitive_dsp_1_U143        | 48    |       | 1   |      |      |     |        |      |         |          |        |
|     fmadd_32ns_32ns_32ns_32ns_32_1_primitive_dsp_1_U144        | 48    |       | 1   |      |      |     |        |      |         |          |        |
|     fmadd_32ns_32ns_32ns_32ns_32_1_primitive_dsp_1_U145        | 48    |       | 1   |      |      |     |        |      |         |          |        |
|     fmadd_32ns_32ns_32ns_32ns_32_1_primitive_dsp_1_U146        | 48    |       | 1   |      |      |     |        |      |         |          |        |
|     fmadd_32ns_32ns_32ns_32ns_32_1_primitive_dsp_1_U147        | 48    |       | 1   |      |      |     |        |      |         |          |        |
|     fmadd_32ns_32ns_32ns_32ns_32_1_primitive_dsp_1_U148        | 48    |       | 1   |      |      |     |        |      |         |          |        |
|     fmadd_32ns_32ns_32ns_32ns_32_1_primitive_dsp_1_U21         | 112   |       | 1   |      |      |     |        |      |         |          |        |
|     fmadd_32ns_32ns_32ns_32ns_32_1_primitive_dsp_1_U22         | 48    |       | 1   |      |      |     |        |      |         |          |        |
|     fmadd_32ns_32ns_32ns_32ns_32_1_primitive_dsp_1_U23         | 48    |       | 1   |      |      |     |        |      |         |          |        |
|     fmadd_32ns_32ns_32ns_32ns_32_1_primitive_dsp_1_U24         | 48    |       | 1   |      |      |     |        |      |         |          |        |
|     fmadd_32ns_32ns_32ns_32ns_32_1_primitive_dsp_1_U25         | 48    |       | 1   |      |      |     |        |      |         |          |        |
|     fmadd_32ns_32ns_32ns_32ns_32_1_primitive_dsp_1_U26         | 48    |       | 1   |      |      |     |        |      |         |          |        |
|     fmadd_32ns_32ns_32ns_32ns_32_1_primitive_dsp_1_U27         | 48    |       | 1   |      |      |     |        |      |         |          |        |
|     fmadd_32ns_32ns_32ns_32ns_32_1_primitive_dsp_1_U28         | 48    |       | 1   |      |      |     |        |      |         |          |        |
|     fmadd_32ns_32ns_32ns_32ns_32_1_primitive_dsp_1_U29         | 48    |       | 1   |      |      |     |        |      |         |          |        |
|     fmadd_32ns_32ns_32ns_32ns_32_1_primitive_dsp_1_U30         | 48    |       | 1   |      |      |     |        |      |         |          |        |
|     fmadd_32ns_32ns_32ns_32ns_32_1_primitive_dsp_1_U31         | 48    |       | 1   |      |      |     |        |      |         |          |        |
|     fmadd_32ns_32ns_32ns_32ns_32_1_primitive_dsp_1_U32         | 48    |       | 1   |      |      |     |        |      |         |          |        |
|     fmadd_32ns_32ns_32ns_32ns_32_1_primitive_dsp_1_U33         | 48    |       | 1   |      |      |     |        |      |         |          |        |
|     fmadd_32ns_32ns_32ns_32ns_32_1_primitive_dsp_1_U34         | 48    |       | 1   |      |      |     |        |      |         |          |        |
|     fmadd_32ns_32ns_32ns_32ns_32_1_primitive_dsp_1_U35         | 48    |       | 1   |      |      |     |        |      |         |          |        |
|     fmadd_32ns_32ns_32ns_32ns_32_1_primitive_dsp_1_U36         | 48    |       | 1   |      |      |     |        |      |         |          |        |
|     fmadd_32ns_32ns_32ns_32ns_32_1_primitive_dsp_1_U37         | 48    |       | 1   |      |      |     |        |      |         |          |        |
|     fmadd_32ns_32ns_32ns_32ns_32_1_primitive_dsp_1_U38         | 48    |       | 1   |      |      |     |        |      |         |          |        |
|     fmadd_32ns_32ns_32ns_32ns_32_1_primitive_dsp_1_U39         | 48    |       | 1   |      |      |     |        |      |         |          |        |
|     fmadd_32ns_32ns_32ns_32ns_32_1_primitive_dsp_1_U40         | 48    |       | 1   |      |      |     |        |      |         |          |        |
|     fmadd_32ns_32ns_32ns_32ns_32_1_primitive_dsp_1_U41         | 48    |       | 1   |      |      |     |        |      |         |          |        |
|     fmadd_32ns_32ns_32ns_32ns_32_1_primitive_dsp_1_U42         | 48    |       | 1   |      |      |     |        |      |         |          |        |
|     fmadd_32ns_32ns_32ns_32ns_32_1_primitive_dsp_1_U43         | 48    |       | 1   |      |      |     |        |      |         |          |        |
|     fmadd_32ns_32ns_32ns_32ns_32_1_primitive_dsp_1_U44         | 48    |       | 1   |      |      |     |        |      |         |          |        |
|     fmadd_32ns_32ns_32ns_32ns_32_1_primitive_dsp_1_U45         | 48    |       | 1   |      |      |     |        |      |         |          |        |
|     fmadd_32ns_32ns_32ns_32ns_32_1_primitive_dsp_1_U46         | 48    |       | 1   |      |      |     |        |      |         |          |        |
|     fmadd_32ns_32ns_32ns_32ns_32_1_primitive_dsp_1_U47         | 48    |       | 1   |      |      |     |        |      |         |          |        |
|     fmadd_32ns_32ns_32ns_32ns_32_1_primitive_dsp_1_U48         | 48    |       | 1   |      |      |     |        |      |         |          |        |
|     fmadd_32ns_32ns_32ns_32ns_32_1_primitive_dsp_1_U49         | 48    |       | 1   |      |      |     |        |      |         |          |        |
|     fmadd_32ns_32ns_32ns_32ns_32_1_primitive_dsp_1_U50         | 48    |       | 1   |      |      |     |        |      |         |          |        |
|     fmadd_32ns_32ns_32ns_32ns_32_1_primitive_dsp_1_U51         | 48    |       | 1   |      |      |     |        |      |         |          |        |
|     fmadd_32ns_32ns_32ns_32ns_32_1_primitive_dsp_1_U52         | 48    |       | 1   |      |      |     |        |      |         |          |        |
|     fmadd_32ns_32ns_32ns_32ns_32_1_primitive_dsp_1_U53         | 48    |       | 1   |      |      |     |        |      |         |          |        |
|     fmadd_32ns_32ns_32ns_32ns_32_1_primitive_dsp_1_U54         | 48    |       | 1   |      |      |     |        |      |         |          |        |
|     fmadd_32ns_32ns_32ns_32ns_32_1_primitive_dsp_1_U55         | 48    |       | 1   |      |      |     |        |      |         |          |        |
|     fmadd_32ns_32ns_32ns_32ns_32_1_primitive_dsp_1_U56         | 48    |       | 1   |      |      |     |        |      |         |          |        |
|     fmadd_32ns_32ns_32ns_32ns_32_1_primitive_dsp_1_U57         | 48    |       | 1   |      |      |     |        |      |         |          |        |
|     fmadd_32ns_32ns_32ns_32ns_32_1_primitive_dsp_1_U58         | 48    |       | 1   |      |      |     |        |      |         |          |        |
|     fmadd_32ns_32ns_32ns_32ns_32_1_primitive_dsp_1_U59         | 48    |       | 1   |      |      |     |        |      |         |          |        |
|     fmadd_32ns_32ns_32ns_32ns_32_1_primitive_dsp_1_U60         | 48    |       | 1   |      |      |     |        |      |         |          |        |
|     fmadd_32ns_32ns_32ns_32ns_32_1_primitive_dsp_1_U61         | 48    |       | 1   |      |      |     |        |      |         |          |        |
|     fmadd_32ns_32ns_32ns_32ns_32_1_primitive_dsp_1_U62         | 48    |       | 1   |      |      |     |        |      |         |          |        |
|     fmadd_32ns_32ns_32ns_32ns_32_1_primitive_dsp_1_U63         | 48    |       | 1   |      |      |     |        |      |         |          |        |
|     fmadd_32ns_32ns_32ns_32ns_32_1_primitive_dsp_1_U64         | 48    |       | 1   |      |      |     |        |      |         |          |        |
|     fmadd_32ns_32ns_32ns_32ns_32_1_primitive_dsp_1_U65         | 48    |       | 1   |      |      |     |        |      |         |          |        |
|     fmadd_32ns_32ns_32ns_32ns_32_1_primitive_dsp_1_U66         | 48    |       | 1   |      |      |     |        |      |         |          |        |
|     fmadd_32ns_32ns_32ns_32ns_32_1_primitive_dsp_1_U67         | 48    |       | 1   |      |      |     |        |      |         |          |        |
|     fmadd_32ns_32ns_32ns_32ns_32_1_primitive_dsp_1_U68         | 48    |       | 1   |      |      |     |        |      |         |          |        |
|     fmadd_32ns_32ns_32ns_32ns_32_1_primitive_dsp_1_U69         | 48    |       | 1   |      |      |     |        |      |         |          |        |
|     fmadd_32ns_32ns_32ns_32ns_32_1_primitive_dsp_1_U70         | 48    |       | 1   |      |      |     |        |      |         |          |        |
|     fmadd_32ns_32ns_32ns_32ns_32_1_primitive_dsp_1_U71         | 48    |       | 1   |      |      |     |        |      |         |          |        |
|     fmadd_32ns_32ns_32ns_32ns_32_1_primitive_dsp_1_U72         | 48    |       | 1   |      |      |     |        |      |         |          |        |
|     fmadd_32ns_32ns_32ns_32ns_32_1_primitive_dsp_1_U73         | 48    |       | 1   |      |      |     |        |      |         |          |        |
|     fmadd_32ns_32ns_32ns_32ns_32_1_primitive_dsp_1_U74         | 48    |       | 1   |      |      |     |        |      |         |          |        |
|     fmadd_32ns_32ns_32ns_32ns_32_1_primitive_dsp_1_U75         | 48    |       | 1   |      |      |     |        |      |         |          |        |
|     fmadd_32ns_32ns_32ns_32ns_32_1_primitive_dsp_1_U76         | 48    |       | 1   |      |      |     |        |      |         |          |        |
|     fmadd_32ns_32ns_32ns_32ns_32_1_primitive_dsp_1_U77         | 48    |       | 1   |      |      |     |        |      |         |          |        |
|     fmadd_32ns_32ns_32ns_32ns_32_1_primitive_dsp_1_U78         | 48    |       | 1   |      |      |     |        |      |         |          |        |
|     fmadd_32ns_32ns_32ns_32ns_32_1_primitive_dsp_1_U79         | 48    |       | 1   |      |      |     |        |      |         |          |        |
|     fmadd_32ns_32ns_32ns_32ns_32_1_primitive_dsp_1_U80         | 48    |       | 1   |      |      |     |        |      |         |          |        |
|     fmadd_32ns_32ns_32ns_32ns_32_1_primitive_dsp_1_U81         | 48    |       | 1   |      |      |     |        |      |         |          |        |
|     fmadd_32ns_32ns_32ns_32ns_32_1_primitive_dsp_1_U82         | 48    |       | 1   |      |      |     |        |      |         |          |        |
|     fmadd_32ns_32ns_32ns_32ns_32_1_primitive_dsp_1_U83         | 48    |       | 1   |      |      |     |        |      |         |          |        |
|     fmadd_32ns_32ns_32ns_32ns_32_1_primitive_dsp_1_U84         | 48    |       | 1   |      |      |     |        |      |         |          |        |
|     fmadd_32ns_32ns_32ns_32ns_32_1_primitive_dsp_1_U85         | 48    |       | 1   |      |      |     |        |      |         |          |        |
|     fmadd_32ns_32ns_32ns_32ns_32_1_primitive_dsp_1_U86         | 48    |       | 1   |      |      |     |        |      |         |          |        |
|     fmadd_32ns_32ns_32ns_32ns_32_1_primitive_dsp_1_U87         | 48    |       | 1   |      |      |     |        |      |         |          |        |
|     fmadd_32ns_32ns_32ns_32ns_32_1_primitive_dsp_1_U88         | 48    |       | 1   |      |      |     |        |      |         |          |        |
|     fmadd_32ns_32ns_32ns_32ns_32_1_primitive_dsp_1_U89         | 48    |       | 1   |      |      |     |        |      |         |          |        |
|     fmadd_32ns_32ns_32ns_32ns_32_1_primitive_dsp_1_U90         | 48    |       | 1   |      |      |     |        |      |         |          |        |
|     fmadd_32ns_32ns_32ns_32ns_32_1_primitive_dsp_1_U91         | 48    |       | 1   |      |      |     |        |      |         |          |        |
|     fmadd_32ns_32ns_32ns_32ns_32_1_primitive_dsp_1_U92         | 48    |       | 1   |      |      |     |        |      |         |          |        |
|     fmadd_32ns_32ns_32ns_32ns_32_1_primitive_dsp_1_U93         | 48    |       | 1   |      |      |     |        |      |         |          |        |
|     fmadd_32ns_32ns_32ns_32ns_32_1_primitive_dsp_1_U94         | 48    |       | 1   |      |      |     |        |      |         |          |        |
|     fmadd_32ns_32ns_32ns_32ns_32_1_primitive_dsp_1_U95         | 48    |       | 1   |      |      |     |        |      |         |          |        |
|     fmadd_32ns_32ns_32ns_32ns_32_1_primitive_dsp_1_U96         | 48    |       | 1   |      |      |     |        |      |         |          |        |
|     fmadd_32ns_32ns_32ns_32ns_32_1_primitive_dsp_1_U97         | 48    |       | 1   |      |      |     |        |      |         |          |        |
|     fmadd_32ns_32ns_32ns_32ns_32_1_primitive_dsp_1_U98         | 48    |       | 1   |      |      |     |        |      |         |          |        |
|     fmadd_32ns_32ns_32ns_32ns_32_1_primitive_dsp_1_U99         | 48    |       | 1   |      |      |     |        |      |         |          |        |
|   grp_circular_convolution_3d_Pipeline_kernel_prep_fu_2338     | 55    | 20    |     |      |      |     |        |      |         |          |        |
|     (grp_circular_convolution_3d_Pipeline_kernel_prep_fu_2338) | 37    | 18    |     |      |      |     |        |      |         |          |        |
|     flow_control_loop_pipe_sequential_init_U                   | 18    | 2     |     |      |      |     |        |      |         |          |        |
|   grp_circular_convolution_3d_Pipeline_pad_loop_fu_2323        | 26    | 21    |     |      |      |     |        |      |         |          |        |
|     (grp_circular_convolution_3d_Pipeline_pad_loop_fu_2323)    | 8     | 19    |     |      |      |     |        |      |         |          |        |
|     flow_control_loop_pipe_sequential_init_U                   | 18    | 2     |     |      |      |     |        |      |         |          |        |
|   kernel_1_U                                                   | 72    | 64    |     |      |      |     |        |      |         |          |        |
|   kernel_2_U                                                   | 64    | 64    |     |      |      |     |        |      |         |          |        |
|   kernel_3_U                                                   | 68    | 64    |     |      |      |     |        |      |         |          |        |
|   kernel_4_U                                                   | 64    | 64    |     |      |      |     |        |      |         |          |        |
|   kernel_5_U                                                   | 68    | 64    |     |      |      |     |        |      |         |          |        |
|   kernel_6_U                                                   | 64    | 64    |     |      |      |     |        |      |         |          |        |
|   kernel_7_U                                                   | 71    | 64    |     |      |      |     |        |      |         |          |        |
|   kernel_U                                                     | 64    | 64    |     |      |      |     |        |      |         |          |        |
|   padded_A_1_U                                                 | 664   | 544   |     |      |      |     |        |      |         |          |        |
|   padded_A_2_U                                                 | 664   | 544   |     |      |      |     |        |      |         |          |        |
|   padded_A_3_U                                                 | 664   | 544   |     |      |      |     |        |      |         |          |        |
|   padded_A_4_U                                                 | 664   | 544   |     |      |      |     |        |      |         |          |        |
|   padded_A_5_U                                                 | 664   | 544   |     |      |      |     |        |      |         |          |        |
|   padded_A_6_U                                                 | 664   | 544   |     |      |      |     |        |      |         |          |        |
|   padded_A_7_U                                                 | 664   | 544   |     |      |      |     |        |      |         |          |        |
|   padded_A_U                                                   | 664   | 544   |     |      |      |     |        |      |         |          |        |
+----------------------------------------------------------------+-------+-------+-----+------+------+-----+--------+------+---------+----------+--------+


================================================================
== RTL Synthesis Fail Fast
================================================================
+-----------------------------------------------------------+-----------+--------+--------+
| Criteria                                                  | Guideline | Actual | Status |
+-----------------------------------------------------------+-----------+--------+--------+
| LUT                                                       | 70%       | 9.61%  | OK     |
| FD                                                        | 50%       | 4.05%  | OK     |
| LUTRAM+SRL                                                | 25%       | 11.45% | OK     |
| LOOKAHEAD8                                                | 25%       | 0.01%  | OK     |
| DSP                                                       | 80%       | 9.76%  | OK     |
| RAMB                                                      | 80%       | 0.00%  | OK     |
| URAM                                                      | 80%       | 0.00%  | OK     |
| DSP+RAMB+URAM (Avg)                                       | 70%       | 9.76%  | OK     |
| BUFGCE* + BUFGCTRL                                        | 24        | 0      | OK     |
| DONT_TOUCH (cells/nets)                                   | 0         | 0      | OK     |
| MARK_DEBUG (nets)                                         | 0         | 0      | OK     |
| Control Sets                                              | 8410      | 203    | OK     |
| Average Fanout for modules > 100k cells                   | 4         | 1.73   | OK     |
| Max Average Fanout for modules > 100k cells               | 4         | 0      | OK     |
| Non-FD high fanout nets > 10k loads                       | 0         | 0      | OK     |
+-----------------------------------------------------------+-----------+--------+--------+
| TIMING-6 (No common primary clock between related clocks) | 0         | 0      | OK     |
| TIMING-7 (No common node between related clocks)          | 0         | 0      | OK     |
| TIMING-8 (No common period between related clocks)        | 0         | 0      | OK     |
| TIMING-14 (LUT on the clock tree)                         | 0         | 0      | OK     |
| TIMING-35 (No common node in paths with the same clock)   | 0         | 0      | OK     |
+-----------------------------------------------------------+-----------+--------+--------+
| Number of paths above max LUT budgeting (0.350ns)         | 0         | 0      | OK     |
| Number of paths above max Net budgeting (0.239ns)         | 0         | 0      | OK     |
+-----------------------------------------------------------+-----------+--------+--------+


================================================================
== RTL Synthesis Timing Paths
================================================================
* Timing was met
+-------+-------+----------------------------------------------------------------------------+-------------------------------------------------------------------------------------+--------------+------------+----------------+----------------+--------------+
| Path  | SLACK | STARTPOINT PIN                                                             | ENDPOINT PIN                                                                        | LOGIC LEVELS | MAX FANOUT | DATAPATH DELAY | DATAPATH LOGIC | DATAPATH NET |
|       |       |                                                                            |                                                                                     |              |            |                |          DELAY |        DELAY |
+-------+-------+----------------------------------------------------------------------------+-------------------------------------------------------------------------------------+--------------+------------+----------------+----------------+--------------+
| Path1 | 3.210 | grp_circular_convolution_3d_Pipeline_conv_outer_fu_2353/ap_CS_fsm_reg[1]/C | grp_circular_convolution_3d_Pipeline_conv_outer_fu_2353/acc_254_reg_57187_reg[20]/D |            9 |      31432 |          6.437 |          4.427 |        2.010 |
| Path2 | 3.210 | grp_circular_convolution_3d_Pipeline_conv_outer_fu_2353/ap_CS_fsm_reg[1]/C | grp_circular_convolution_3d_Pipeline_conv_outer_fu_2353/reg_25180_reg[20]/D         |            9 |      31432 |          6.437 |          4.427 |        2.010 |
| Path3 | 3.210 | grp_circular_convolution_3d_Pipeline_conv_outer_fu_2353/ap_CS_fsm_reg[1]/C | grp_circular_convolution_3d_Pipeline_conv_outer_fu_2353/reg_25186_reg[20]/D         |            9 |      31432 |          6.437 |          4.427 |        2.010 |
| Path4 | 3.210 | grp_circular_convolution_3d_Pipeline_conv_outer_fu_2353/ap_CS_fsm_reg[1]/C | grp_circular_convolution_3d_Pipeline_conv_outer_fu_2353/reg_25192_reg[20]/D         |            9 |      31432 |          6.437 |          4.427 |        2.010 |
| Path5 | 3.210 | grp_circular_convolution_3d_Pipeline_conv_outer_fu_2353/ap_CS_fsm_reg[1]/C | grp_circular_convolution_3d_Pipeline_conv_outer_fu_2353/reg_25198_reg[20]/D         |            9 |      31432 |          6.437 |          4.427 |        2.010 |
+-------+-------+----------------------------------------------------------------------------+-------------------------------------------------------------------------------------+--------------+------------+----------------+----------------+--------------+

    +-------------------------------------------------------------------------------------------------------------------------------------------------------------------------------------------------------+------------------------+
    | Path1 Cells                                                                                                                                                                                           | Primitive Type         |
    +-------------------------------------------------------------------------------------------------------------------------------------------------------------------------------------------------------+------------------------+
    | grp_circular_convolution_3d_Pipeline_conv_outer_fu_2353/ap_CS_fsm_reg[1]                                                                                                                              | REGISTER.SDR.FDRE      |
    | grp_circular_convolution_3d_Pipeline_conv_outer_fu_2353/fmadd_32ns_32ns_32ns_32ns_32_1_primitive_dsp_1_U148/circular_convolution_3d_fmadd_32ns_32ns_32ns_32ns_32_1_primitive_dsp_1_ip_u/inst_i_44__84 | CLB.LUT.LUT3           |
    | i_synth/UFMA_OP.OP/i_prim/DSP_FP_INREG_INST                                                                                                                                                           | ARITHMETIC.DSP.DSPFP32 |
    | i_synth/UFMA_OP.OP/i_prim/DSP_FP_INMUX_INST                                                                                                                                                           | ARITHMETIC.DSP.DSPFP32 |
    | i_synth/UFMA_OP.OP/i_prim/DSP_FPM_STAGE0_INST                                                                                                                                                         | ARITHMETIC.DSP.DSPFP32 |
    | i_synth/UFMA_OP.OP/i_prim/DSP_FPM_PIPEREG_INST                                                                                                                                                        | ARITHMETIC.DSP.DSPFP32 |
    | i_synth/UFMA_OP.OP/i_prim/DSP_FPM_STAGE1_INST                                                                                                                                                         | ARITHMETIC.DSP.DSPFP32 |
    | i_synth/UFMA_OP.OP/i_prim/DSP_FP_OUTPUT_INST                                                                                                                                                          | ARITHMETIC.DSP.DSPFP32 |
    | i_synth/UFMA_OP.OP/i_prim/DSP_FP_ADDER_INST                                                                                                                                                           | ARITHMETIC.DSP.DSPFP32 |
    | grp_circular_convolution_3d_Pipeline_conv_outer_fu_2353/acc_254_reg_57187_reg[20]                                                                                                                     | REGISTER.SDR.FDRE      |
    | grp_circular_convolution_3d_Pipeline_conv_outer_fu_2353/ap_CS_fsm_reg[1]                                                                                                                              | REGISTER.SDR.FDRE      |
    | grp_circular_convolution_3d_Pipeline_conv_outer_fu_2353/fmadd_32ns_32ns_32ns_32ns_32_1_primitive_dsp_1_U21/circular_convolution_3d_fmadd_32ns_32ns_32ns_32ns_32_1_primitive_dsp_1_ip_u/inst_i_44__47  | CLB.LUT.LUT3           |
    | i_synth/UFMA_OP.OP/i_prim/DSP_FP_INREG_INST                                                                                                                                                           | ARITHMETIC.DSP.DSPFP32 |
    | i_synth/UFMA_OP.OP/i_prim/DSP_FP_INMUX_INST                                                                                                                                                           | ARITHMETIC.DSP.DSPFP32 |
    | i_synth/UFMA_OP.OP/i_prim/DSP_FPM_STAGE0_INST                                                                                                                                                         | ARITHMETIC.DSP.DSPFP32 |
    | i_synth/UFMA_OP.OP/i_prim/DSP_FPM_PIPEREG_INST                                                                                                                                                        | ARITHMETIC.DSP.DSPFP32 |
    | i_synth/UFMA_OP.OP/i_prim/DSP_FPM_STAGE1_INST                                                                                                                                                         | ARITHMETIC.DSP.DSPFP32 |
    | i_synth/UFMA_OP.OP/i_prim/DSP_FP_OUTPUT_INST                                                                                                                                                          | ARITHMETIC.DSP.DSPFP32 |
    | i_synth/UFMA_OP.OP/i_prim/DSP_FP_ADDER_INST                                                                                                                                                           | ARITHMETIC.DSP.DSPFP32 |
    | grp_circular_convolution_3d_Pipeline_conv_outer_fu_2353/reg_25180_reg[20]                                                                                                                             | REGISTER.SDR.FDRE      |
    | grp_circular_convolution_3d_Pipeline_conv_outer_fu_2353/ap_CS_fsm_reg[1]                                                                                                                              | REGISTER.SDR.FDRE      |
    | grp_circular_convolution_3d_Pipeline_conv_outer_fu_2353/fmadd_32ns_32ns_32ns_32ns_32_1_primitive_dsp_1_U22/circular_convolution_3d_fmadd_32ns_32ns_32ns_32ns_32_1_primitive_dsp_1_ip_u/inst_i_44__48  | CLB.LUT.LUT3           |
    | i_synth/UFMA_OP.OP/i_prim/DSP_FP_INREG_INST                                                                                                                                                           | ARITHMETIC.DSP.DSPFP32 |
    | i_synth/UFMA_OP.OP/i_prim/DSP_FP_INMUX_INST                                                                                                                                                           | ARITHMETIC.DSP.DSPFP32 |
    | i_synth/UFMA_OP.OP/i_prim/DSP_FPM_STAGE0_INST                                                                                                                                                         | ARITHMETIC.DSP.DSPFP32 |
    | i_synth/UFMA_OP.OP/i_prim/DSP_FPM_PIPEREG_INST                                                                                                                                                        | ARITHMETIC.DSP.DSPFP32 |
    | i_synth/UFMA_OP.OP/i_prim/DSP_FPM_STAGE1_INST                                                                                                                                                         | ARITHMETIC.DSP.DSPFP32 |
    | i_synth/UFMA_OP.OP/i_prim/DSP_FP_OUTPUT_INST                                                                                                                                                          | ARITHMETIC.DSP.DSPFP32 |
    | i_synth/UFMA_OP.OP/i_prim/DSP_FP_ADDER_INST                                                                                                                                                           | ARITHMETIC.DSP.DSPFP32 |
    | grp_circular_convolution_3d_Pipeline_conv_outer_fu_2353/reg_25186_reg[20]                                                                                                                             | REGISTER.SDR.FDRE      |
    | grp_circular_convolution_3d_Pipeline_conv_outer_fu_2353/ap_CS_fsm_reg[1]                                                                                                                              | REGISTER.SDR.FDRE      |
    | grp_circular_convolution_3d_Pipeline_conv_outer_fu_2353/fmadd_32ns_32ns_32ns_32ns_32_1_primitive_dsp_1_U23/circular_convolution_3d_fmadd_32ns_32ns_32ns_32ns_32_1_primitive_dsp_1_ip_u/inst_i_44__50  | CLB.LUT.LUT3           |
    | i_synth/UFMA_OP.OP/i_prim/DSP_FP_INREG_INST                                                                                                                                                           | ARITHMETIC.DSP.DSPFP32 |
    | i_synth/UFMA_OP.OP/i_prim/DSP_FP_INMUX_INST                                                                                                                                                           | ARITHMETIC.DSP.DSPFP32 |
    | i_synth/UFMA_OP.OP/i_prim/DSP_FPM_STAGE0_INST                                                                                                                                                         | ARITHMETIC.DSP.DSPFP32 |
    | i_synth/UFMA_OP.OP/i_prim/DSP_FPM_PIPEREG_INST                                                                                                                                                        | ARITHMETIC.DSP.DSPFP32 |
    | i_synth/UFMA_OP.OP/i_prim/DSP_FPM_STAGE1_INST                                                                                                                                                         | ARITHMETIC.DSP.DSPFP32 |
    | i_synth/UFMA_OP.OP/i_prim/DSP_FP_OUTPUT_INST                                                                                                                                                          | ARITHMETIC.DSP.DSPFP32 |
    | i_synth/UFMA_OP.OP/i_prim/DSP_FP_ADDER_INST                                                                                                                                                           | ARITHMETIC.DSP.DSPFP32 |
    | grp_circular_convolution_3d_Pipeline_conv_outer_fu_2353/reg_25192_reg[20]                                                                                                                             | REGISTER.SDR.FDRE      |
    | grp_circular_convolution_3d_Pipeline_conv_outer_fu_2353/ap_CS_fsm_reg[1]                                                                                                                              | REGISTER.SDR.FDRE      |
    | grp_circular_convolution_3d_Pipeline_conv_outer_fu_2353/fmadd_32ns_32ns_32ns_32ns_32_1_primitive_dsp_1_U24/circular_convolution_3d_fmadd_32ns_32ns_32ns_32ns_32_1_primitive_dsp_1_ip_u/inst_i_44__51  | CLB.LUT.LUT3           |
    | i_synth/UFMA_OP.OP/i_prim/DSP_FP_INREG_INST                                                                                                                                                           | ARITHMETIC.DSP.DSPFP32 |
    | i_synth/UFMA_OP.OP/i_prim/DSP_FP_INMUX_INST                                                                                                                                                           | ARITHMETIC.DSP.DSPFP32 |
    | i_synth/UFMA_OP.OP/i_prim/DSP_FPM_STAGE0_INST                                                                                                                                                         | ARITHMETIC.DSP.DSPFP32 |
    | i_synth/UFMA_OP.OP/i_prim/DSP_FPM_PIPEREG_INST                                                                                                                                                        | ARITHMETIC.DSP.DSPFP32 |
    | i_synth/UFMA_OP.OP/i_prim/DSP_FPM_STAGE1_INST                                                                                                                                                         | ARITHMETIC.DSP.DSPFP32 |
    | i_synth/UFMA_OP.OP/i_prim/DSP_FP_OUTPUT_INST                                                                                                                                                          | ARITHMETIC.DSP.DSPFP32 |
    | i_synth/UFMA_OP.OP/i_prim/DSP_FP_ADDER_INST                                                                                                                                                           | ARITHMETIC.DSP.DSPFP32 |
    | grp_circular_convolution_3d_Pipeline_conv_outer_fu_2353/reg_25198_reg[20]                                                                                                                             | REGISTER.SDR.FDRE      |
    +-------------------------------------------------------------------------------------------------------------------------------------------------------------------------------------------------------+------------------------+

    +-------------------------------------------------------------------------------------------------------------------------------------------------------------------------------------------------------+------------------------+
    | Path2 Cells                                                                                                                                                                                           | Primitive Type         |
    +-------------------------------------------------------------------------------------------------------------------------------------------------------------------------------------------------------+------------------------+
    | grp_circular_convolution_3d_Pipeline_conv_outer_fu_2353/ap_CS_fsm_reg[1]                                                                                                                              | REGISTER.SDR.FDRE      |
    | grp_circular_convolution_3d_Pipeline_conv_outer_fu_2353/fmadd_32ns_32ns_32ns_32ns_32_1_primitive_dsp_1_U148/circular_convolution_3d_fmadd_32ns_32ns_32ns_32ns_32_1_primitive_dsp_1_ip_u/inst_i_44__84 | CLB.LUT.LUT3           |
    | i_synth/UFMA_OP.OP/i_prim/DSP_FP_INREG_INST                                                                                                                                                           | ARITHMETIC.DSP.DSPFP32 |
    | i_synth/UFMA_OP.OP/i_prim/DSP_FP_INMUX_INST                                                                                                                                                           | ARITHMETIC.DSP.DSPFP32 |
    | i_synth/UFMA_OP.OP/i_prim/DSP_FPM_STAGE0_INST                                                                                                                                                         | ARITHMETIC.DSP.DSPFP32 |
    | i_synth/UFMA_OP.OP/i_prim/DSP_FPM_PIPEREG_INST                                                                                                                                                        | ARITHMETIC.DSP.DSPFP32 |
    | i_synth/UFMA_OP.OP/i_prim/DSP_FPM_STAGE1_INST                                                                                                                                                         | ARITHMETIC.DSP.DSPFP32 |
    | i_synth/UFMA_OP.OP/i_prim/DSP_FP_OUTPUT_INST                                                                                                                                                          | ARITHMETIC.DSP.DSPFP32 |
    | i_synth/UFMA_OP.OP/i_prim/DSP_FP_ADDER_INST                                                                                                                                                           | ARITHMETIC.DSP.DSPFP32 |
    | grp_circular_convolution_3d_Pipeline_conv_outer_fu_2353/acc_254_reg_57187_reg[20]                                                                                                                     | REGISTER.SDR.FDRE      |
    | grp_circular_convolution_3d_Pipeline_conv_outer_fu_2353/ap_CS_fsm_reg[1]                                                                                                                              | REGISTER.SDR.FDRE      |
    | grp_circular_convolution_3d_Pipeline_conv_outer_fu_2353/fmadd_32ns_32ns_32ns_32ns_32_1_primitive_dsp_1_U21/circular_convolution_3d_fmadd_32ns_32ns_32ns_32ns_32_1_primitive_dsp_1_ip_u/inst_i_44__47  | CLB.LUT.LUT3           |
    | i_synth/UFMA_OP.OP/i_prim/DSP_FP_INREG_INST                                                                                                                                                           | ARITHMETIC.DSP.DSPFP32 |
    | i_synth/UFMA_OP.OP/i_prim/DSP_FP_INMUX_INST                                                                                                                                                           | ARITHMETIC.DSP.DSPFP32 |
    | i_synth/UFMA_OP.OP/i_prim/DSP_FPM_STAGE0_INST                                                                                                                                                         | ARITHMETIC.DSP.DSPFP32 |
    | i_synth/UFMA_OP.OP/i_prim/DSP_FPM_PIPEREG_INST                                                                                                                                                        | ARITHMETIC.DSP.DSPFP32 |
    | i_synth/UFMA_OP.OP/i_prim/DSP_FPM_STAGE1_INST                                                                                                                                                         | ARITHMETIC.DSP.DSPFP32 |
    | i_synth/UFMA_OP.OP/i_prim/DSP_FP_OUTPUT_INST                                                                                                                                                          | ARITHMETIC.DSP.DSPFP32 |
    | i_synth/UFMA_OP.OP/i_prim/DSP_FP_ADDER_INST                                                                                                                                                           | ARITHMETIC.DSP.DSPFP32 |
    | grp_circular_convolution_3d_Pipeline_conv_outer_fu_2353/reg_25180_reg[20]                                                                                                                             | REGISTER.SDR.FDRE      |
    | grp_circular_convolution_3d_Pipeline_conv_outer_fu_2353/ap_CS_fsm_reg[1]                                                                                                                              | REGISTER.SDR.FDRE      |
    | grp_circular_convolution_3d_Pipeline_conv_outer_fu_2353/fmadd_32ns_32ns_32ns_32ns_32_1_primitive_dsp_1_U22/circular_convolution_3d_fmadd_32ns_32ns_32ns_32ns_32_1_primitive_dsp_1_ip_u/inst_i_44__48  | CLB.LUT.LUT3           |
    | i_synth/UFMA_OP.OP/i_prim/DSP_FP_INREG_INST                                                                                                                                                           | ARITHMETIC.DSP.DSPFP32 |
    | i_synth/UFMA_OP.OP/i_prim/DSP_FP_INMUX_INST                                                                                                                                                           | ARITHMETIC.DSP.DSPFP32 |
    | i_synth/UFMA_OP.OP/i_prim/DSP_FPM_STAGE0_INST                                                                                                                                                         | ARITHMETIC.DSP.DSPFP32 |
    | i_synth/UFMA_OP.OP/i_prim/DSP_FPM_PIPEREG_INST                                                                                                                                                        | ARITHMETIC.DSP.DSPFP32 |
    | i_synth/UFMA_OP.OP/i_prim/DSP_FPM_STAGE1_INST                                                                                                                                                         | ARITHMETIC.DSP.DSPFP32 |
    | i_synth/UFMA_OP.OP/i_prim/DSP_FP_OUTPUT_INST                                                                                                                                                          | ARITHMETIC.DSP.DSPFP32 |
    | i_synth/UFMA_OP.OP/i_prim/DSP_FP_ADDER_INST                                                                                                                                                           | ARITHMETIC.DSP.DSPFP32 |
    | grp_circular_convolution_3d_Pipeline_conv_outer_fu_2353/reg_25186_reg[20]                                                                                                                             | REGISTER.SDR.FDRE      |
    | grp_circular_convolution_3d_Pipeline_conv_outer_fu_2353/ap_CS_fsm_reg[1]                                                                                                                              | REGISTER.SDR.FDRE      |
    | grp_circular_convolution_3d_Pipeline_conv_outer_fu_2353/fmadd_32ns_32ns_32ns_32ns_32_1_primitive_dsp_1_U23/circular_convolution_3d_fmadd_32ns_32ns_32ns_32ns_32_1_primitive_dsp_1_ip_u/inst_i_44__50  | CLB.LUT.LUT3           |
    | i_synth/UFMA_OP.OP/i_prim/DSP_FP_INREG_INST                                                                                                                                                           | ARITHMETIC.DSP.DSPFP32 |
    | i_synth/UFMA_OP.OP/i_prim/DSP_FP_INMUX_INST                                                                                                                                                           | ARITHMETIC.DSP.DSPFP32 |
    | i_synth/UFMA_OP.OP/i_prim/DSP_FPM_STAGE0_INST                                                                                                                                                         | ARITHMETIC.DSP.DSPFP32 |
    | i_synth/UFMA_OP.OP/i_prim/DSP_FPM_PIPEREG_INST                                                                                                                                                        | ARITHMETIC.DSP.DSPFP32 |
    | i_synth/UFMA_OP.OP/i_prim/DSP_FPM_STAGE1_INST                                                                                                                                                         | ARITHMETIC.DSP.DSPFP32 |
    | i_synth/UFMA_OP.OP/i_prim/DSP_FP_OUTPUT_INST                                                                                                                                                          | ARITHMETIC.DSP.DSPFP32 |
    | i_synth/UFMA_OP.OP/i_prim/DSP_FP_ADDER_INST                                                                                                                                                           | ARITHMETIC.DSP.DSPFP32 |
    | grp_circular_convolution_3d_Pipeline_conv_outer_fu_2353/reg_25192_reg[20]                                                                                                                             | REGISTER.SDR.FDRE      |
    | grp_circular_convolution_3d_Pipeline_conv_outer_fu_2353/ap_CS_fsm_reg[1]                                                                                                                              | REGISTER.SDR.FDRE      |
    | grp_circular_convolution_3d_Pipeline_conv_outer_fu_2353/fmadd_32ns_32ns_32ns_32ns_32_1_primitive_dsp_1_U24/circular_convolution_3d_fmadd_32ns_32ns_32ns_32ns_32_1_primitive_dsp_1_ip_u/inst_i_44__51  | CLB.LUT.LUT3           |
    | i_synth/UFMA_OP.OP/i_prim/DSP_FP_INREG_INST                                                                                                                                                           | ARITHMETIC.DSP.DSPFP32 |
    | i_synth/UFMA_OP.OP/i_prim/DSP_FP_INMUX_INST                                                                                                                                                           | ARITHMETIC.DSP.DSPFP32 |
    | i_synth/UFMA_OP.OP/i_prim/DSP_FPM_STAGE0_INST                                                                                                                                                         | ARITHMETIC.DSP.DSPFP32 |
    | i_synth/UFMA_OP.OP/i_prim/DSP_FPM_PIPEREG_INST                                                                                                                                                        | ARITHMETIC.DSP.DSPFP32 |
    | i_synth/UFMA_OP.OP/i_prim/DSP_FPM_STAGE1_INST                                                                                                                                                         | ARITHMETIC.DSP.DSPFP32 |
    | i_synth/UFMA_OP.OP/i_prim/DSP_FP_OUTPUT_INST                                                                                                                                                          | ARITHMETIC.DSP.DSPFP32 |
    | i_synth/UFMA_OP.OP/i_prim/DSP_FP_ADDER_INST                                                                                                                                                           | ARITHMETIC.DSP.DSPFP32 |
    | grp_circular_convolution_3d_Pipeline_conv_outer_fu_2353/reg_25198_reg[20]                                                                                                                             | REGISTER.SDR.FDRE      |
    +-------------------------------------------------------------------------------------------------------------------------------------------------------------------------------------------------------+------------------------+

    +-------------------------------------------------------------------------------------------------------------------------------------------------------------------------------------------------------+------------------------+
    | Path3 Cells                                                                                                                                                                                           | Primitive Type         |
    +-------------------------------------------------------------------------------------------------------------------------------------------------------------------------------------------------------+------------------------+
    | grp_circular_convolution_3d_Pipeline_conv_outer_fu_2353/ap_CS_fsm_reg[1]                                                                                                                              | REGISTER.SDR.FDRE      |
    | grp_circular_convolution_3d_Pipeline_conv_outer_fu_2353/fmadd_32ns_32ns_32ns_32ns_32_1_primitive_dsp_1_U148/circular_convolution_3d_fmadd_32ns_32ns_32ns_32ns_32_1_primitive_dsp_1_ip_u/inst_i_44__84 | CLB.LUT.LUT3           |
    | i_synth/UFMA_OP.OP/i_prim/DSP_FP_INREG_INST                                                                                                                                                           | ARITHMETIC.DSP.DSPFP32 |
    | i_synth/UFMA_OP.OP/i_prim/DSP_FP_INMUX_INST                                                                                                                                                           | ARITHMETIC.DSP.DSPFP32 |
    | i_synth/UFMA_OP.OP/i_prim/DSP_FPM_STAGE0_INST                                                                                                                                                         | ARITHMETIC.DSP.DSPFP32 |
    | i_synth/UFMA_OP.OP/i_prim/DSP_FPM_PIPEREG_INST                                                                                                                                                        | ARITHMETIC.DSP.DSPFP32 |
    | i_synth/UFMA_OP.OP/i_prim/DSP_FPM_STAGE1_INST                                                                                                                                                         | ARITHMETIC.DSP.DSPFP32 |
    | i_synth/UFMA_OP.OP/i_prim/DSP_FP_OUTPUT_INST                                                                                                                                                          | ARITHMETIC.DSP.DSPFP32 |
    | i_synth/UFMA_OP.OP/i_prim/DSP_FP_ADDER_INST                                                                                                                                                           | ARITHMETIC.DSP.DSPFP32 |
    | grp_circular_convolution_3d_Pipeline_conv_outer_fu_2353/acc_254_reg_57187_reg[20]                                                                                                                     | REGISTER.SDR.FDRE      |
    | grp_circular_convolution_3d_Pipeline_conv_outer_fu_2353/ap_CS_fsm_reg[1]                                                                                                                              | REGISTER.SDR.FDRE      |
    | grp_circular_convolution_3d_Pipeline_conv_outer_fu_2353/fmadd_32ns_32ns_32ns_32ns_32_1_primitive_dsp_1_U21/circular_convolution_3d_fmadd_32ns_32ns_32ns_32ns_32_1_primitive_dsp_1_ip_u/inst_i_44__47  | CLB.LUT.LUT3           |
    | i_synth/UFMA_OP.OP/i_prim/DSP_FP_INREG_INST                                                                                                                                                           | ARITHMETIC.DSP.DSPFP32 |
    | i_synth/UFMA_OP.OP/i_prim/DSP_FP_INMUX_INST                                                                                                                                                           | ARITHMETIC.DSP.DSPFP32 |
    | i_synth/UFMA_OP.OP/i_prim/DSP_FPM_STAGE0_INST                                                                                                                                                         | ARITHMETIC.DSP.DSPFP32 |
    | i_synth/UFMA_OP.OP/i_prim/DSP_FPM_PIPEREG_INST                                                                                                                                                        | ARITHMETIC.DSP.DSPFP32 |
    | i_synth/UFMA_OP.OP/i_prim/DSP_FPM_STAGE1_INST                                                                                                                                                         | ARITHMETIC.DSP.DSPFP32 |
    | i_synth/UFMA_OP.OP/i_prim/DSP_FP_OUTPUT_INST                                                                                                                                                          | ARITHMETIC.DSP.DSPFP32 |
    | i_synth/UFMA_OP.OP/i_prim/DSP_FP_ADDER_INST                                                                                                                                                           | ARITHMETIC.DSP.DSPFP32 |
    | grp_circular_convolution_3d_Pipeline_conv_outer_fu_2353/reg_25180_reg[20]                                                                                                                             | REGISTER.SDR.FDRE      |
    | grp_circular_convolution_3d_Pipeline_conv_outer_fu_2353/ap_CS_fsm_reg[1]                                                                                                                              | REGISTER.SDR.FDRE      |
    | grp_circular_convolution_3d_Pipeline_conv_outer_fu_2353/fmadd_32ns_32ns_32ns_32ns_32_1_primitive_dsp_1_U22/circular_convolution_3d_fmadd_32ns_32ns_32ns_32ns_32_1_primitive_dsp_1_ip_u/inst_i_44__48  | CLB.LUT.LUT3           |
    | i_synth/UFMA_OP.OP/i_prim/DSP_FP_INREG_INST                                                                                                                                                           | ARITHMETIC.DSP.DSPFP32 |
    | i_synth/UFMA_OP.OP/i_prim/DSP_FP_INMUX_INST                                                                                                                                                           | ARITHMETIC.DSP.DSPFP32 |
    | i_synth/UFMA_OP.OP/i_prim/DSP_FPM_STAGE0_INST                                                                                                                                                         | ARITHMETIC.DSP.DSPFP32 |
    | i_synth/UFMA_OP.OP/i_prim/DSP_FPM_PIPEREG_INST                                                                                                                                                        | ARITHMETIC.DSP.DSPFP32 |
    | i_synth/UFMA_OP.OP/i_prim/DSP_FPM_STAGE1_INST                                                                                                                                                         | ARITHMETIC.DSP.DSPFP32 |
    | i_synth/UFMA_OP.OP/i_prim/DSP_FP_OUTPUT_INST                                                                                                                                                          | ARITHMETIC.DSP.DSPFP32 |
    | i_synth/UFMA_OP.OP/i_prim/DSP_FP_ADDER_INST                                                                                                                                                           | ARITHMETIC.DSP.DSPFP32 |
    | grp_circular_convolution_3d_Pipeline_conv_outer_fu_2353/reg_25186_reg[20]                                                                                                                             | REGISTER.SDR.FDRE      |
    | grp_circular_convolution_3d_Pipeline_conv_outer_fu_2353/ap_CS_fsm_reg[1]                                                                                                                              | REGISTER.SDR.FDRE      |
    | grp_circular_convolution_3d_Pipeline_conv_outer_fu_2353/fmadd_32ns_32ns_32ns_32ns_32_1_primitive_dsp_1_U23/circular_convolution_3d_fmadd_32ns_32ns_32ns_32ns_32_1_primitive_dsp_1_ip_u/inst_i_44__50  | CLB.LUT.LUT3           |
    | i_synth/UFMA_OP.OP/i_prim/DSP_FP_INREG_INST                                                                                                                                                           | ARITHMETIC.DSP.DSPFP32 |
    | i_synth/UFMA_OP.OP/i_prim/DSP_FP_INMUX_INST                                                                                                                                                           | ARITHMETIC.DSP.DSPFP32 |
    | i_synth/UFMA_OP.OP/i_prim/DSP_FPM_STAGE0_INST                                                                                                                                                         | ARITHMETIC.DSP.DSPFP32 |
    | i_synth/UFMA_OP.OP/i_prim/DSP_FPM_PIPEREG_INST                                                                                                                                                        | ARITHMETIC.DSP.DSPFP32 |
    | i_synth/UFMA_OP.OP/i_prim/DSP_FPM_STAGE1_INST                                                                                                                                                         | ARITHMETIC.DSP.DSPFP32 |
    | i_synth/UFMA_OP.OP/i_prim/DSP_FP_OUTPUT_INST                                                                                                                                                          | ARITHMETIC.DSP.DSPFP32 |
    | i_synth/UFMA_OP.OP/i_prim/DSP_FP_ADDER_INST                                                                                                                                                           | ARITHMETIC.DSP.DSPFP32 |
    | grp_circular_convolution_3d_Pipeline_conv_outer_fu_2353/reg_25192_reg[20]                                                                                                                             | REGISTER.SDR.FDRE      |
    | grp_circular_convolution_3d_Pipeline_conv_outer_fu_2353/ap_CS_fsm_reg[1]                                                                                                                              | REGISTER.SDR.FDRE      |
    | grp_circular_convolution_3d_Pipeline_conv_outer_fu_2353/fmadd_32ns_32ns_32ns_32ns_32_1_primitive_dsp_1_U24/circular_convolution_3d_fmadd_32ns_32ns_32ns_32ns_32_1_primitive_dsp_1_ip_u/inst_i_44__51  | CLB.LUT.LUT3           |
    | i_synth/UFMA_OP.OP/i_prim/DSP_FP_INREG_INST                                                                                                                                                           | ARITHMETIC.DSP.DSPFP32 |
    | i_synth/UFMA_OP.OP/i_prim/DSP_FP_INMUX_INST                                                                                                                                                           | ARITHMETIC.DSP.DSPFP32 |
    | i_synth/UFMA_OP.OP/i_prim/DSP_FPM_STAGE0_INST                                                                                                                                                         | ARITHMETIC.DSP.DSPFP32 |
    | i_synth/UFMA_OP.OP/i_prim/DSP_FPM_PIPEREG_INST                                                                                                                                                        | ARITHMETIC.DSP.DSPFP32 |
    | i_synth/UFMA_OP.OP/i_prim/DSP_FPM_STAGE1_INST                                                                                                                                                         | ARITHMETIC.DSP.DSPFP32 |
    | i_synth/UFMA_OP.OP/i_prim/DSP_FP_OUTPUT_INST                                                                                                                                                          | ARITHMETIC.DSP.DSPFP32 |
    | i_synth/UFMA_OP.OP/i_prim/DSP_FP_ADDER_INST                                                                                                                                                           | ARITHMETIC.DSP.DSPFP32 |
    | grp_circular_convolution_3d_Pipeline_conv_outer_fu_2353/reg_25198_reg[20]                                                                                                                             | REGISTER.SDR.FDRE      |
    +-------------------------------------------------------------------------------------------------------------------------------------------------------------------------------------------------------+------------------------+

    +-------------------------------------------------------------------------------------------------------------------------------------------------------------------------------------------------------+------------------------+
    | Path4 Cells                                                                                                                                                                                           | Primitive Type         |
    +-------------------------------------------------------------------------------------------------------------------------------------------------------------------------------------------------------+------------------------+
    | grp_circular_convolution_3d_Pipeline_conv_outer_fu_2353/ap_CS_fsm_reg[1]                                                                                                                              | REGISTER.SDR.FDRE      |
    | grp_circular_convolution_3d_Pipeline_conv_outer_fu_2353/fmadd_32ns_32ns_32ns_32ns_32_1_primitive_dsp_1_U148/circular_convolution_3d_fmadd_32ns_32ns_32ns_32ns_32_1_primitive_dsp_1_ip_u/inst_i_44__84 | CLB.LUT.LUT3           |
    | i_synth/UFMA_OP.OP/i_prim/DSP_FP_INREG_INST                                                                                                                                                           | ARITHMETIC.DSP.DSPFP32 |
    | i_synth/UFMA_OP.OP/i_prim/DSP_FP_INMUX_INST                                                                                                                                                           | ARITHMETIC.DSP.DSPFP32 |
    | i_synth/UFMA_OP.OP/i_prim/DSP_FPM_STAGE0_INST                                                                                                                                                         | ARITHMETIC.DSP.DSPFP32 |
    | i_synth/UFMA_OP.OP/i_prim/DSP_FPM_PIPEREG_INST                                                                                                                                                        | ARITHMETIC.DSP.DSPFP32 |
    | i_synth/UFMA_OP.OP/i_prim/DSP_FPM_STAGE1_INST                                                                                                                                                         | ARITHMETIC.DSP.DSPFP32 |
    | i_synth/UFMA_OP.OP/i_prim/DSP_FP_OUTPUT_INST                                                                                                                                                          | ARITHMETIC.DSP.DSPFP32 |
    | i_synth/UFMA_OP.OP/i_prim/DSP_FP_ADDER_INST                                                                                                                                                           | ARITHMETIC.DSP.DSPFP32 |
    | grp_circular_convolution_3d_Pipeline_conv_outer_fu_2353/acc_254_reg_57187_reg[20]                                                                                                                     | REGISTER.SDR.FDRE      |
    | grp_circular_convolution_3d_Pipeline_conv_outer_fu_2353/ap_CS_fsm_reg[1]                                                                                                                              | REGISTER.SDR.FDRE      |
    | grp_circular_convolution_3d_Pipeline_conv_outer_fu_2353/fmadd_32ns_32ns_32ns_32ns_32_1_primitive_dsp_1_U21/circular_convolution_3d_fmadd_32ns_32ns_32ns_32ns_32_1_primitive_dsp_1_ip_u/inst_i_44__47  | CLB.LUT.LUT3           |
    | i_synth/UFMA_OP.OP/i_prim/DSP_FP_INREG_INST                                                                                                                                                           | ARITHMETIC.DSP.DSPFP32 |
    | i_synth/UFMA_OP.OP/i_prim/DSP_FP_INMUX_INST                                                                                                                                                           | ARITHMETIC.DSP.DSPFP32 |
    | i_synth/UFMA_OP.OP/i_prim/DSP_FPM_STAGE0_INST                                                                                                                                                         | ARITHMETIC.DSP.DSPFP32 |
    | i_synth/UFMA_OP.OP/i_prim/DSP_FPM_PIPEREG_INST                                                                                                                                                        | ARITHMETIC.DSP.DSPFP32 |
    | i_synth/UFMA_OP.OP/i_prim/DSP_FPM_STAGE1_INST                                                                                                                                                         | ARITHMETIC.DSP.DSPFP32 |
    | i_synth/UFMA_OP.OP/i_prim/DSP_FP_OUTPUT_INST                                                                                                                                                          | ARITHMETIC.DSP.DSPFP32 |
    | i_synth/UFMA_OP.OP/i_prim/DSP_FP_ADDER_INST                                                                                                                                                           | ARITHMETIC.DSP.DSPFP32 |
    | grp_circular_convolution_3d_Pipeline_conv_outer_fu_2353/reg_25180_reg[20]                                                                                                                             | REGISTER.SDR.FDRE      |
    | grp_circular_convolution_3d_Pipeline_conv_outer_fu_2353/ap_CS_fsm_reg[1]                                                                                                                              | REGISTER.SDR.FDRE      |
    | grp_circular_convolution_3d_Pipeline_conv_outer_fu_2353/fmadd_32ns_32ns_32ns_32ns_32_1_primitive_dsp_1_U22/circular_convolution_3d_fmadd_32ns_32ns_32ns_32ns_32_1_primitive_dsp_1_ip_u/inst_i_44__48  | CLB.LUT.LUT3           |
    | i_synth/UFMA_OP.OP/i_prim/DSP_FP_INREG_INST                                                                                                                                                           | ARITHMETIC.DSP.DSPFP32 |
    | i_synth/UFMA_OP.OP/i_prim/DSP_FP_INMUX_INST                                                                                                                                                           | ARITHMETIC.DSP.DSPFP32 |
    | i_synth/UFMA_OP.OP/i_prim/DSP_FPM_STAGE0_INST                                                                                                                                                         | ARITHMETIC.DSP.DSPFP32 |
    | i_synth/UFMA_OP.OP/i_prim/DSP_FPM_PIPEREG_INST                                                                                                                                                        | ARITHMETIC.DSP.DSPFP32 |
    | i_synth/UFMA_OP.OP/i_prim/DSP_FPM_STAGE1_INST                                                                                                                                                         | ARITHMETIC.DSP.DSPFP32 |
    | i_synth/UFMA_OP.OP/i_prim/DSP_FP_OUTPUT_INST                                                                                                                                                          | ARITHMETIC.DSP.DSPFP32 |
    | i_synth/UFMA_OP.OP/i_prim/DSP_FP_ADDER_INST                                                                                                                                                           | ARITHMETIC.DSP.DSPFP32 |
    | grp_circular_convolution_3d_Pipeline_conv_outer_fu_2353/reg_25186_reg[20]                                                                                                                             | REGISTER.SDR.FDRE      |
    | grp_circular_convolution_3d_Pipeline_conv_outer_fu_2353/ap_CS_fsm_reg[1]                                                                                                                              | REGISTER.SDR.FDRE      |
    | grp_circular_convolution_3d_Pipeline_conv_outer_fu_2353/fmadd_32ns_32ns_32ns_32ns_32_1_primitive_dsp_1_U23/circular_convolution_3d_fmadd_32ns_32ns_32ns_32ns_32_1_primitive_dsp_1_ip_u/inst_i_44__50  | CLB.LUT.LUT3           |
    | i_synth/UFMA_OP.OP/i_prim/DSP_FP_INREG_INST                                                                                                                                                           | ARITHMETIC.DSP.DSPFP32 |
    | i_synth/UFMA_OP.OP/i_prim/DSP_FP_INMUX_INST                                                                                                                                                           | ARITHMETIC.DSP.DSPFP32 |
    | i_synth/UFMA_OP.OP/i_prim/DSP_FPM_STAGE0_INST                                                                                                                                                         | ARITHMETIC.DSP.DSPFP32 |
    | i_synth/UFMA_OP.OP/i_prim/DSP_FPM_PIPEREG_INST                                                                                                                                                        | ARITHMETIC.DSP.DSPFP32 |
    | i_synth/UFMA_OP.OP/i_prim/DSP_FPM_STAGE1_INST                                                                                                                                                         | ARITHMETIC.DSP.DSPFP32 |
    | i_synth/UFMA_OP.OP/i_prim/DSP_FP_OUTPUT_INST                                                                                                                                                          | ARITHMETIC.DSP.DSPFP32 |
    | i_synth/UFMA_OP.OP/i_prim/DSP_FP_ADDER_INST                                                                                                                                                           | ARITHMETIC.DSP.DSPFP32 |
    | grp_circular_convolution_3d_Pipeline_conv_outer_fu_2353/reg_25192_reg[20]                                                                                                                             | REGISTER.SDR.FDRE      |
    | grp_circular_convolution_3d_Pipeline_conv_outer_fu_2353/ap_CS_fsm_reg[1]                                                                                                                              | REGISTER.SDR.FDRE      |
    | grp_circular_convolution_3d_Pipeline_conv_outer_fu_2353/fmadd_32ns_32ns_32ns_32ns_32_1_primitive_dsp_1_U24/circular_convolution_3d_fmadd_32ns_32ns_32ns_32ns_32_1_primitive_dsp_1_ip_u/inst_i_44__51  | CLB.LUT.LUT3           |
    | i_synth/UFMA_OP.OP/i_prim/DSP_FP_INREG_INST                                                                                                                                                           | ARITHMETIC.DSP.DSPFP32 |
    | i_synth/UFMA_OP.OP/i_prim/DSP_FP_INMUX_INST                                                                                                                                                           | ARITHMETIC.DSP.DSPFP32 |
    | i_synth/UFMA_OP.OP/i_prim/DSP_FPM_STAGE0_INST                                                                                                                                                         | ARITHMETIC.DSP.DSPFP32 |
    | i_synth/UFMA_OP.OP/i_prim/DSP_FPM_PIPEREG_INST                                                                                                                                                        | ARITHMETIC.DSP.DSPFP32 |
    | i_synth/UFMA_OP.OP/i_prim/DSP_FPM_STAGE1_INST                                                                                                                                                         | ARITHMETIC.DSP.DSPFP32 |
    | i_synth/UFMA_OP.OP/i_prim/DSP_FP_OUTPUT_INST                                                                                                                                                          | ARITHMETIC.DSP.DSPFP32 |
    | i_synth/UFMA_OP.OP/i_prim/DSP_FP_ADDER_INST                                                                                                                                                           | ARITHMETIC.DSP.DSPFP32 |
    | grp_circular_convolution_3d_Pipeline_conv_outer_fu_2353/reg_25198_reg[20]                                                                                                                             | REGISTER.SDR.FDRE      |
    +-------------------------------------------------------------------------------------------------------------------------------------------------------------------------------------------------------+------------------------+

    +-------------------------------------------------------------------------------------------------------------------------------------------------------------------------------------------------------+------------------------+
    | Path5 Cells                                                                                                                                                                                           | Primitive Type         |
    +-------------------------------------------------------------------------------------------------------------------------------------------------------------------------------------------------------+------------------------+
    | grp_circular_convolution_3d_Pipeline_conv_outer_fu_2353/ap_CS_fsm_reg[1]                                                                                                                              | REGISTER.SDR.FDRE      |
    | grp_circular_convolution_3d_Pipeline_conv_outer_fu_2353/fmadd_32ns_32ns_32ns_32ns_32_1_primitive_dsp_1_U148/circular_convolution_3d_fmadd_32ns_32ns_32ns_32ns_32_1_primitive_dsp_1_ip_u/inst_i_44__84 | CLB.LUT.LUT3           |
    | i_synth/UFMA_OP.OP/i_prim/DSP_FP_INREG_INST                                                                                                                                                           | ARITHMETIC.DSP.DSPFP32 |
    | i_synth/UFMA_OP.OP/i_prim/DSP_FP_INMUX_INST                                                                                                                                                           | ARITHMETIC.DSP.DSPFP32 |
    | i_synth/UFMA_OP.OP/i_prim/DSP_FPM_STAGE0_INST                                                                                                                                                         | ARITHMETIC.DSP.DSPFP32 |
    | i_synth/UFMA_OP.OP/i_prim/DSP_FPM_PIPEREG_INST                                                                                                                                                        | ARITHMETIC.DSP.DSPFP32 |
    | i_synth/UFMA_OP.OP/i_prim/DSP_FPM_STAGE1_INST                                                                                                                                                         | ARITHMETIC.DSP.DSPFP32 |
    | i_synth/UFMA_OP.OP/i_prim/DSP_FP_OUTPUT_INST                                                                                                                                                          | ARITHMETIC.DSP.DSPFP32 |
    | i_synth/UFMA_OP.OP/i_prim/DSP_FP_ADDER_INST                                                                                                                                                           | ARITHMETIC.DSP.DSPFP32 |
    | grp_circular_convolution_3d_Pipeline_conv_outer_fu_2353/acc_254_reg_57187_reg[20]                                                                                                                     | REGISTER.SDR.FDRE      |
    | grp_circular_convolution_3d_Pipeline_conv_outer_fu_2353/ap_CS_fsm_reg[1]                                                                                                                              | REGISTER.SDR.FDRE      |
    | grp_circular_convolution_3d_Pipeline_conv_outer_fu_2353/fmadd_32ns_32ns_32ns_32ns_32_1_primitive_dsp_1_U21/circular_convolution_3d_fmadd_32ns_32ns_32ns_32ns_32_1_primitive_dsp_1_ip_u/inst_i_44__47  | CLB.LUT.LUT3           |
    | i_synth/UFMA_OP.OP/i_prim/DSP_FP_INREG_INST                                                                                                                                                           | ARITHMETIC.DSP.DSPFP32 |
    | i_synth/UFMA_OP.OP/i_prim/DSP_FP_INMUX_INST                                                                                                                                                           | ARITHMETIC.DSP.DSPFP32 |
    | i_synth/UFMA_OP.OP/i_prim/DSP_FPM_STAGE0_INST                                                                                                                                                         | ARITHMETIC.DSP.DSPFP32 |
    | i_synth/UFMA_OP.OP/i_prim/DSP_FPM_PIPEREG_INST                                                                                                                                                        | ARITHMETIC.DSP.DSPFP32 |
    | i_synth/UFMA_OP.OP/i_prim/DSP_FPM_STAGE1_INST                                                                                                                                                         | ARITHMETIC.DSP.DSPFP32 |
    | i_synth/UFMA_OP.OP/i_prim/DSP_FP_OUTPUT_INST                                                                                                                                                          | ARITHMETIC.DSP.DSPFP32 |
    | i_synth/UFMA_OP.OP/i_prim/DSP_FP_ADDER_INST                                                                                                                                                           | ARITHMETIC.DSP.DSPFP32 |
    | grp_circular_convolution_3d_Pipeline_conv_outer_fu_2353/reg_25180_reg[20]                                                                                                                             | REGISTER.SDR.FDRE      |
    | grp_circular_convolution_3d_Pipeline_conv_outer_fu_2353/ap_CS_fsm_reg[1]                                                                                                                              | REGISTER.SDR.FDRE      |
    | grp_circular_convolution_3d_Pipeline_conv_outer_fu_2353/fmadd_32ns_32ns_32ns_32ns_32_1_primitive_dsp_1_U22/circular_convolution_3d_fmadd_32ns_32ns_32ns_32ns_32_1_primitive_dsp_1_ip_u/inst_i_44__48  | CLB.LUT.LUT3           |
    | i_synth/UFMA_OP.OP/i_prim/DSP_FP_INREG_INST                                                                                                                                                           | ARITHMETIC.DSP.DSPFP32 |
    | i_synth/UFMA_OP.OP/i_prim/DSP_FP_INMUX_INST                                                                                                                                                           | ARITHMETIC.DSP.DSPFP32 |
    | i_synth/UFMA_OP.OP/i_prim/DSP_FPM_STAGE0_INST                                                                                                                                                         | ARITHMETIC.DSP.DSPFP32 |
    | i_synth/UFMA_OP.OP/i_prim/DSP_FPM_PIPEREG_INST                                                                                                                                                        | ARITHMETIC.DSP.DSPFP32 |
    | i_synth/UFMA_OP.OP/i_prim/DSP_FPM_STAGE1_INST                                                                                                                                                         | ARITHMETIC.DSP.DSPFP32 |
    | i_synth/UFMA_OP.OP/i_prim/DSP_FP_OUTPUT_INST                                                                                                                                                          | ARITHMETIC.DSP.DSPFP32 |
    | i_synth/UFMA_OP.OP/i_prim/DSP_FP_ADDER_INST                                                                                                                                                           | ARITHMETIC.DSP.DSPFP32 |
    | grp_circular_convolution_3d_Pipeline_conv_outer_fu_2353/reg_25186_reg[20]                                                                                                                             | REGISTER.SDR.FDRE      |
    | grp_circular_convolution_3d_Pipeline_conv_outer_fu_2353/ap_CS_fsm_reg[1]                                                                                                                              | REGISTER.SDR.FDRE      |
    | grp_circular_convolution_3d_Pipeline_conv_outer_fu_2353/fmadd_32ns_32ns_32ns_32ns_32_1_primitive_dsp_1_U23/circular_convolution_3d_fmadd_32ns_32ns_32ns_32ns_32_1_primitive_dsp_1_ip_u/inst_i_44__50  | CLB.LUT.LUT3           |
    | i_synth/UFMA_OP.OP/i_prim/DSP_FP_INREG_INST                                                                                                                                                           | ARITHMETIC.DSP.DSPFP32 |
    | i_synth/UFMA_OP.OP/i_prim/DSP_FP_INMUX_INST                                                                                                                                                           | ARITHMETIC.DSP.DSPFP32 |
    | i_synth/UFMA_OP.OP/i_prim/DSP_FPM_STAGE0_INST                                                                                                                                                         | ARITHMETIC.DSP.DSPFP32 |
    | i_synth/UFMA_OP.OP/i_prim/DSP_FPM_PIPEREG_INST                                                                                                                                                        | ARITHMETIC.DSP.DSPFP32 |
    | i_synth/UFMA_OP.OP/i_prim/DSP_FPM_STAGE1_INST                                                                                                                                                         | ARITHMETIC.DSP.DSPFP32 |
    | i_synth/UFMA_OP.OP/i_prim/DSP_FP_OUTPUT_INST                                                                                                                                                          | ARITHMETIC.DSP.DSPFP32 |
    | i_synth/UFMA_OP.OP/i_prim/DSP_FP_ADDER_INST                                                                                                                                                           | ARITHMETIC.DSP.DSPFP32 |
    | grp_circular_convolution_3d_Pipeline_conv_outer_fu_2353/reg_25192_reg[20]                                                                                                                             | REGISTER.SDR.FDRE      |
    | grp_circular_convolution_3d_Pipeline_conv_outer_fu_2353/ap_CS_fsm_reg[1]                                                                                                                              | REGISTER.SDR.FDRE      |
    | grp_circular_convolution_3d_Pipeline_conv_outer_fu_2353/fmadd_32ns_32ns_32ns_32ns_32_1_primitive_dsp_1_U24/circular_convolution_3d_fmadd_32ns_32ns_32ns_32ns_32_1_primitive_dsp_1_ip_u/inst_i_44__51  | CLB.LUT.LUT3           |
    | i_synth/UFMA_OP.OP/i_prim/DSP_FP_INREG_INST                                                                                                                                                           | ARITHMETIC.DSP.DSPFP32 |
    | i_synth/UFMA_OP.OP/i_prim/DSP_FP_INMUX_INST                                                                                                                                                           | ARITHMETIC.DSP.DSPFP32 |
    | i_synth/UFMA_OP.OP/i_prim/DSP_FPM_STAGE0_INST                                                                                                                                                         | ARITHMETIC.DSP.DSPFP32 |
    | i_synth/UFMA_OP.OP/i_prim/DSP_FPM_PIPEREG_INST                                                                                                                                                        | ARITHMETIC.DSP.DSPFP32 |
    | i_synth/UFMA_OP.OP/i_prim/DSP_FPM_STAGE1_INST                                                                                                                                                         | ARITHMETIC.DSP.DSPFP32 |
    | i_synth/UFMA_OP.OP/i_prim/DSP_FP_OUTPUT_INST                                                                                                                                                          | ARITHMETIC.DSP.DSPFP32 |
    | i_synth/UFMA_OP.OP/i_prim/DSP_FP_ADDER_INST                                                                                                                                                           | ARITHMETIC.DSP.DSPFP32 |
    | grp_circular_convolution_3d_Pipeline_conv_outer_fu_2353/reg_25198_reg[20]                                                                                                                             | REGISTER.SDR.FDRE      |
    +-------------------------------------------------------------------------------------------------------------------------------------------------------------------------------------------------------+------------------------+


================================================================
== RTL Synthesis Vivado Reports
================================================================
+--------------------------+--------------------------------------------------------------------------------+
| Report Type              | Report Location                                                                |
+--------------------------+--------------------------------------------------------------------------------+
| design_analysis          | impl/verilog/report/circular_convolution_3d_design_analysis_synth.rpt          |
| failfast                 | impl/verilog/report/circular_convolution_3d_failfast_synth.rpt                 |
| power                    | impl/verilog/report/circular_convolution_3d_power_synth.rpt                    |
| timing                   | impl/verilog/report/circular_convolution_3d_timing_synth.rpt                   |
| timing_paths             | impl/verilog/report/circular_convolution_3d_timing_paths_synth.rpt             |
| utilization              | impl/verilog/report/circular_convolution_3d_utilization_synth.rpt              |
| utilization_hierarchical | impl/verilog/report/circular_convolution_3d_utilization_hierarchical_synth.rpt |
+--------------------------+--------------------------------------------------------------------------------+


