

================================================================
== Vitis HLS Report for 'circular_convolution_3d'
================================================================
* Date:           Mon Apr 28 18:49:13 2025

* Version:        2024.2.2 (Build 6049644 on Mar  5 2025)
* Project:        project_1
* Solution:       solution1 (Vivado IP Flow Target)
* Product family: aversalaiedge
* Target device:  xave1752-vsva1596-1LJ-i-S


================================================================
== Performance Estimates
================================================================
+ Timing: 
    * Summary: 
    +--------+----------+----------+------------+
    |  Clock |  Target  | Estimated| Uncertainty|
    +--------+----------+----------+------------+
    |ap_clk  |  10.00 ns|  6.054 ns|     2.70 ns|
    +--------+----------+----------+------------+

+ Latency: 
    * Summary: 
    +---------+---------+----------+----------+--------+--------+----------+
    |  Latency (cycles) |  Latency (absolute) |     Interval    | Pipeline |
    |   min   |   max   |    min   |    max   |   min  |   max  |   Type   |
    +---------+---------+----------+----------+--------+--------+----------+
    |   549249|   549249|  5.492 ms|  5.492 ms|  549250|  549250|  dataflow|
    +---------+---------+----------+----------+--------+--------+----------+

    + Detail: 
        * Instance: 
        +-------------------------+----------------------+---------+---------+----------+----------+--------+--------+---------+
        |                         |                      |  Latency (cycles) |  Latency (absolute) |     Interval    | Pipeline|
        |         Instance        |        Module        |   min   |   max   |    min   |    max   |   min  |   max  |   Type  |
        +-------------------------+----------------------+---------+---------+----------+----------+--------+--------+---------+
        |VITIS_LOOP_51_1_proc_U0  |VITIS_LOOP_51_1_proc  |   549249|   549249|  5.492 ms|  5.492 ms|  549249|  549249|       no|
        +-------------------------+----------------------+---------+---------+----------+----------+--------+--------+---------+

        * Loop: 
        N/A



================================================================
== Utilization Estimates
================================================================
* Summary: 
+-----------------+---------+------+--------+--------+-----+
|       Name      | BRAM_18K|  DSP |   FF   |   LUT  | URAM|
+-----------------+---------+------+--------+--------+-----+
|DSP              |        -|     -|       -|       -|    -|
|Expression       |        -|     -|       -|       -|    -|
|FIFO             |        -|     -|       -|       -|    -|
|Instance         |       32|     8|   20239|   24043|    0|
|Memory           |        -|     -|       -|       -|    -|
|Multiplexer      |        -|     -|       -|       -|    -|
|Register         |        -|     -|       -|       -|    -|
+-----------------+---------+------+--------+--------+-----+
|Total            |       32|     8|   20239|   24043|    0|
+-----------------+---------+------+--------+--------+-----+
|Available        |     1908|  1312|  897024|  448512|  462|
+-----------------+---------+------+--------+--------+-----+
|Utilization (%)  |        1|    ~0|       2|       5|    0|
+-----------------+---------+------+--------+--------+-----+

+ Detail: 
    * Instance: 
    +-------------------------+----------------------+---------+----+-------+-------+-----+
    |         Instance        |        Module        | BRAM_18K| DSP|   FF  |  LUT  | URAM|
    +-------------------------+----------------------+---------+----+-------+-------+-----+
    |VITIS_LOOP_51_1_proc_U0  |VITIS_LOOP_51_1_proc  |       32|   8|  20239|  24043|    0|
    +-------------------------+----------------------+---------+----+-------+-------+-----+
    |Total                    |                      |       32|   8|  20239|  24043|    0|
    +-------------------------+----------------------+---------+----+-------+-------+-----+

    * DSP: 
    N/A

    * Memory: 
    N/A

    * FIFO: 
    N/A

    * Expression: 
    N/A

    * Multiplexer: 
    N/A

    * Register: 
    N/A



================================================================
== Interface
================================================================
* Summary: 
+------------+-----+-----+------------+-------------------------+--------------+
|  RTL Ports | Dir | Bits|  Protocol  |      Source Object      |    C Type    |
+------------+-----+-----+------------+-------------------------+--------------+
|A_address0  |  out|   14|   ap_memory|                        A|         array|
|A_ce0       |  out|    1|   ap_memory|                        A|         array|
|A_d0        |  out|   32|   ap_memory|                        A|         array|
|A_q0        |   in|   32|   ap_memory|                        A|         array|
|A_we0       |  out|    1|   ap_memory|                        A|         array|
|A_address1  |  out|   14|   ap_memory|                        A|         array|
|A_ce1       |  out|    1|   ap_memory|                        A|         array|
|A_d1        |  out|   32|   ap_memory|                        A|         array|
|A_q1        |   in|   32|   ap_memory|                        A|         array|
|A_we1       |  out|    1|   ap_memory|                        A|         array|
|B_address0  |  out|   14|   ap_memory|                        B|         array|
|B_ce0       |  out|    1|   ap_memory|                        B|         array|
|B_d0        |  out|   32|   ap_memory|                        B|         array|
|B_q0        |   in|   32|   ap_memory|                        B|         array|
|B_we0       |  out|    1|   ap_memory|                        B|         array|
|B_address1  |  out|   14|   ap_memory|                        B|         array|
|B_ce1       |  out|    1|   ap_memory|                        B|         array|
|B_d1        |  out|   32|   ap_memory|                        B|         array|
|B_q1        |   in|   32|   ap_memory|                        B|         array|
|B_we1       |  out|    1|   ap_memory|                        B|         array|
|C_address0  |  out|   14|   ap_memory|                        C|         array|
|C_ce0       |  out|    1|   ap_memory|                        C|         array|
|C_d0        |  out|   32|   ap_memory|                        C|         array|
|C_q0        |   in|   32|   ap_memory|                        C|         array|
|C_we0       |  out|    1|   ap_memory|                        C|         array|
|C_address1  |  out|   14|   ap_memory|                        C|         array|
|C_ce1       |  out|    1|   ap_memory|                        C|         array|
|C_d1        |  out|   32|   ap_memory|                        C|         array|
|C_q1        |   in|   32|   ap_memory|                        C|         array|
|C_we1       |  out|    1|   ap_memory|                        C|         array|
|ap_clk      |   in|    1|  ap_ctrl_hs|  circular_convolution_3d|  return value|
|ap_rst      |   in|    1|  ap_ctrl_hs|  circular_convolution_3d|  return value|
|ap_start    |   in|    1|  ap_ctrl_hs|  circular_convolution_3d|  return value|
|ap_done     |  out|    1|  ap_ctrl_hs|  circular_convolution_3d|  return value|
|ap_ready    |  out|    1|  ap_ctrl_hs|  circular_convolution_3d|  return value|
|ap_idle     |  out|    1|  ap_ctrl_hs|  circular_convolution_3d|  return value|
+------------+-----+-----+------------+-------------------------+--------------+

