

================================================================
== Vitis HLS Report for 'compute_convolution_14'
================================================================
* Date:           Mon Apr 28 18:49:11 2025

* Version:        2024.2.2 (Build 6049644 on Mar  5 2025)
* Project:        project_1
* Solution:       solution1 (Vivado IP Flow Target)
* Product family: aversalaiedge
* Target device:  xave1752-vsva1596-1LJ-i-S


================================================================
== Performance Estimates
================================================================
+ Timing: 
    * Summary: 
    +--------+----------+----------+------------+
    |  Clock |  Target  | Estimated| Uncertainty|
    +--------+----------+----------+------------+
    |ap_clk  |  10.00 ns|  6.054 ns|     2.70 ns|
    +--------+----------+----------+------------+

+ Latency: 
    * Summary: 
    +---------+---------+-----------+-----------+------+------+---------+
    |  Latency (cycles) |   Latency (absolute)  |   Interval  | Pipeline|
    |   min   |   max   |    min    |    max    |  min |  max |   Type  |
    +---------+---------+-----------+-----------+------+------+---------+
    |     8452|     8452|  84.520 us|  84.520 us|  8452|  8452|       no|
    +---------+---------+-----------+-----------+------+------+---------+

    + Detail: 
        * Instance: 
        +-------------------------------------------------------+-------------------------------------------+---------+---------+-----------+-----------+------+------+------------------------------------------------+
        |                                                       |                                           |  Latency (cycles) |   Latency (absolute)  |   Interval  |                    Pipeline                    |
        |                        Instance                       |                   Module                  |   min   |   max   |    min    |    max    |  min |  max |                      Type                      |
        +-------------------------------------------------------+-------------------------------------------+---------+---------+-----------+-----------+------+------+------------------------------------------------+
        |grp_compute_convolution_14_Pipeline_conv_loop_fu_2532  |compute_convolution_14_Pipeline_conv_loop  |     8419|     8419|  84.190 us|  84.190 us|  8192|  8192|  loop auto-rewind stp (delay=0 clock cycles(s))|
        +-------------------------------------------------------+-------------------------------------------+---------+---------+-----------+-----------+------+------+------------------------------------------------+

        * Loop: 
        N/A



================================================================
== Utilization Estimates
================================================================
* Summary: 
+-----------------+---------+------+--------+--------+-----+
|       Name      | BRAM_18K|  DSP |   FF   |   LUT  | URAM|
+-----------------+---------+------+--------+--------+-----+
|DSP              |        -|     -|       -|       -|    -|
|Expression       |        -|     -|       0|       2|    -|
|FIFO             |        -|     -|       -|       -|    -|
|Instance         |        -|     8|   11899|   22437|    -|
|Memory           |        -|     -|       -|       -|    -|
|Multiplexer      |        -|     -|       0|    1367|    -|
|Register         |        -|     -|    8236|       -|    -|
+-----------------+---------+------+--------+--------+-----+
|Total            |        0|     8|   20135|   23806|    0|
+-----------------+---------+------+--------+--------+-----+
|Available        |     1908|  1312|  897024|  448512|  462|
+-----------------+---------+------+--------+--------+-----+
|Utilization (%)  |        0|    ~0|       2|       5|    0|
+-----------------+---------+------+--------+--------+-----+

+ Detail: 
    * Instance: 
    +-------------------------------------------------------+-------------------------------------------+---------+----+-------+-------+-----+
    |                        Instance                       |                   Module                  | BRAM_18K| DSP|   FF  |  LUT  | URAM|
    +-------------------------------------------------------+-------------------------------------------+---------+----+-------+-------+-----+
    |grp_compute_convolution_14_Pipeline_conv_loop_fu_2532  |compute_convolution_14_Pipeline_conv_loop  |        0|   8|  11899|  22437|    0|
    +-------------------------------------------------------+-------------------------------------------+---------+----+-------+-------+-----+
    |Total                                                  |                                           |        0|   8|  11899|  22437|    0|
    +-------------------------------------------------------+-------------------------------------------+---------+----+-------+-------+-----+

    * DSP: 
    N/A

    * Memory: 
    N/A

    * FIFO: 
    N/A

    * Expression: 
    +-----------------+----------+----+---+----+------------+------------+
    |  Variable Name  | Operation| DSP| FF| LUT| Bitwidth P0| Bitwidth P1|
    +-----------------+----------+----+---+----+------------+------------+
    |ap_block_state1  |        or|   0|  0|   2|           1|           1|
    +-----------------+----------+----+---+----+------------+------------+
    |Total            |          |   0|  0|   2|           1|           1|
    +-----------------+----------+----+---+----+------------+------------+

    * Multiplexer: 
    +------------------------------+-----+-----------+-----+-----------+
    |             Name             | LUT | Input Size| Bits| Total Bits|
    +------------------------------+-----+-----------+-----+-----------+
    |ap_NS_fsm                     |   21|         35|    1|         35|
    |ap_done                       |    1|          2|    1|          2|
    |j_blk_n                       |    1|          2|    1|          2|
    |kernel_1_i_81_address0_local  |  168|         33|    6|        198|
    |kernel_1_i_81_address1_local  |  168|         33|    6|        198|
    |kernel_1_i_address0_local     |  168|         33|    6|        198|
    |kernel_1_i_address1_local     |  168|         33|    6|        198|
    |kernel_2_i_address0_local     |  168|         33|    6|        198|
    |kernel_2_i_address1_local     |  168|         33|    6|        198|
    |kernel_i_address0_local       |  168|         33|    6|        198|
    |kernel_i_address1_local       |  168|         33|    6|        198|
    +------------------------------+-----+-----------+-----+-----------+
    |Total                         | 1367|        303|   51|       1623|
    +------------------------------+-----+-----------+-----+-----------+

    * Register: 
    +--------------------------------------------------------------------+----+----+-----+-----------+
    |                                Name                                | FF | LUT| Bits| Const Bits|
    +--------------------------------------------------------------------+----+----+-----+-----------+
    |ap_CS_fsm                                                           |  34|   0|   34|          0|
    |ap_done_reg                                                         |   1|   0|    1|          0|
    |grp_compute_convolution_14_Pipeline_conv_loop_fu_2532_ap_start_reg  |   1|   0|    1|          0|
    |j_1_reg_3847                                                        |   2|   0|    2|          0|
    |kernel_1_i_load_10_684_reg_4302                                     |  32|   0|   32|          0|
    |kernel_1_i_load_10_reg_4297                                         |  32|   0|   32|          0|
    |kernel_1_i_load_11_686_reg_4322                                     |  32|   0|   32|          0|
    |kernel_1_i_load_11_reg_4317                                         |  32|   0|   32|          0|
    |kernel_1_i_load_12_688_reg_4382                                     |  32|   0|   32|          0|
    |kernel_1_i_load_12_reg_4377                                         |  32|   0|   32|          0|
    |kernel_1_i_load_13_690_reg_4402                                     |  32|   0|   32|          0|
    |kernel_1_i_load_13_reg_4397                                         |  32|   0|   32|          0|
    |kernel_1_i_load_14_692_reg_4462                                     |  32|   0|   32|          0|
    |kernel_1_i_load_14_reg_4457                                         |  32|   0|   32|          0|
    |kernel_1_i_load_15_694_reg_4482                                     |  32|   0|   32|          0|
    |kernel_1_i_load_15_reg_4477                                         |  32|   0|   32|          0|
    |kernel_1_i_load_16_696_reg_4542                                     |  32|   0|   32|          0|
    |kernel_1_i_load_16_reg_4537                                         |  32|   0|   32|          0|
    |kernel_1_i_load_17_698_reg_4562                                     |  32|   0|   32|          0|
    |kernel_1_i_load_17_reg_4557                                         |  32|   0|   32|          0|
    |kernel_1_i_load_18_700_reg_4622                                     |  32|   0|   32|          0|
    |kernel_1_i_load_18_reg_4617                                         |  32|   0|   32|          0|
    |kernel_1_i_load_19_702_reg_4642                                     |  32|   0|   32|          0|
    |kernel_1_i_load_19_reg_4637                                         |  32|   0|   32|          0|
    |kernel_1_i_load_1_666_reg_3922                                      |  32|   0|   32|          0|
    |kernel_1_i_load_1_reg_3917                                          |  32|   0|   32|          0|
    |kernel_1_i_load_20_704_reg_4702                                     |  32|   0|   32|          0|
    |kernel_1_i_load_20_reg_4697                                         |  32|   0|   32|          0|
    |kernel_1_i_load_21_706_reg_4722                                     |  32|   0|   32|          0|
    |kernel_1_i_load_21_reg_4717                                         |  32|   0|   32|          0|
    |kernel_1_i_load_22_708_reg_4782                                     |  32|   0|   32|          0|
    |kernel_1_i_load_22_reg_4777                                         |  32|   0|   32|          0|
    |kernel_1_i_load_23_710_reg_4802                                     |  32|   0|   32|          0|
    |kernel_1_i_load_23_reg_4797                                         |  32|   0|   32|          0|
    |kernel_1_i_load_24_712_reg_4862                                     |  32|   0|   32|          0|
    |kernel_1_i_load_24_reg_4857                                         |  32|   0|   32|          0|
    |kernel_1_i_load_25_714_reg_4882                                     |  32|   0|   32|          0|
    |kernel_1_i_load_25_reg_4877                                         |  32|   0|   32|          0|
    |kernel_1_i_load_26_716_reg_4942                                     |  32|   0|   32|          0|
    |kernel_1_i_load_26_reg_4937                                         |  32|   0|   32|          0|
    |kernel_1_i_load_27_718_reg_4962                                     |  32|   0|   32|          0|
    |kernel_1_i_load_27_reg_4957                                         |  32|   0|   32|          0|
    |kernel_1_i_load_28_720_reg_5022                                     |  32|   0|   32|          0|
    |kernel_1_i_load_28_reg_5017                                         |  32|   0|   32|          0|
    |kernel_1_i_load_29_722_reg_5042                                     |  32|   0|   32|          0|
    |kernel_1_i_load_29_reg_5037                                         |  32|   0|   32|          0|
    |kernel_1_i_load_2_668_reg_3982                                      |  32|   0|   32|          0|
    |kernel_1_i_load_2_reg_3977                                          |  32|   0|   32|          0|
    |kernel_1_i_load_30_724_reg_5102                                     |  32|   0|   32|          0|
    |kernel_1_i_load_30_reg_5097                                         |  32|   0|   32|          0|
    |kernel_1_i_load_31_726_reg_5122                                     |  32|   0|   32|          0|
    |kernel_1_i_load_31_reg_5117                                         |  32|   0|   32|          0|
    |kernel_1_i_load_32_728_reg_5182                                     |  32|   0|   32|          0|
    |kernel_1_i_load_32_reg_5177                                         |  32|   0|   32|          0|
    |kernel_1_i_load_33_730_reg_5202                                     |  32|   0|   32|          0|
    |kernel_1_i_load_33_reg_5197                                         |  32|   0|   32|          0|
    |kernel_1_i_load_34_732_reg_5262                                     |  32|   0|   32|          0|
    |kernel_1_i_load_34_reg_5257                                         |  32|   0|   32|          0|
    |kernel_1_i_load_35_734_reg_5282                                     |  32|   0|   32|          0|
    |kernel_1_i_load_35_reg_5277                                         |  32|   0|   32|          0|
    |kernel_1_i_load_36_736_reg_5342                                     |  32|   0|   32|          0|
    |kernel_1_i_load_36_reg_5337                                         |  32|   0|   32|          0|
    |kernel_1_i_load_37_738_reg_5362                                     |  32|   0|   32|          0|
    |kernel_1_i_load_37_reg_5357                                         |  32|   0|   32|          0|
    |kernel_1_i_load_38_740_reg_5422                                     |  32|   0|   32|          0|
    |kernel_1_i_load_38_reg_5417                                         |  32|   0|   32|          0|
    |kernel_1_i_load_39_742_reg_5442                                     |  32|   0|   32|          0|
    |kernel_1_i_load_39_reg_5437                                         |  32|   0|   32|          0|
    |kernel_1_i_load_3_670_reg_4002                                      |  32|   0|   32|          0|
    |kernel_1_i_load_3_reg_3997                                          |  32|   0|   32|          0|
    |kernel_1_i_load_40_744_reg_5502                                     |  32|   0|   32|          0|
    |kernel_1_i_load_40_reg_5497                                         |  32|   0|   32|          0|
    |kernel_1_i_load_41_746_reg_5522                                     |  32|   0|   32|          0|
    |kernel_1_i_load_41_reg_5517                                         |  32|   0|   32|          0|
    |kernel_1_i_load_42_748_reg_5582                                     |  32|   0|   32|          0|
    |kernel_1_i_load_42_reg_5577                                         |  32|   0|   32|          0|
    |kernel_1_i_load_43_750_reg_5602                                     |  32|   0|   32|          0|
    |kernel_1_i_load_43_reg_5597                                         |  32|   0|   32|          0|
    |kernel_1_i_load_44_752_reg_5662                                     |  32|   0|   32|          0|
    |kernel_1_i_load_44_reg_5657                                         |  32|   0|   32|          0|
    |kernel_1_i_load_45_754_reg_5682                                     |  32|   0|   32|          0|
    |kernel_1_i_load_45_reg_5677                                         |  32|   0|   32|          0|
    |kernel_1_i_load_46_756_reg_5742                                     |  32|   0|   32|          0|
    |kernel_1_i_load_46_reg_5737                                         |  32|   0|   32|          0|
    |kernel_1_i_load_47_758_reg_5762                                     |  32|   0|   32|          0|
    |kernel_1_i_load_47_reg_5757                                         |  32|   0|   32|          0|
    |kernel_1_i_load_48_760_reg_5822                                     |  32|   0|   32|          0|
    |kernel_1_i_load_48_reg_5817                                         |  32|   0|   32|          0|
    |kernel_1_i_load_49_762_reg_5842                                     |  32|   0|   32|          0|
    |kernel_1_i_load_49_reg_5837                                         |  32|   0|   32|          0|
    |kernel_1_i_load_4_672_reg_4062                                      |  32|   0|   32|          0|
    |kernel_1_i_load_4_reg_4057                                          |  32|   0|   32|          0|
    |kernel_1_i_load_50_764_reg_5902                                     |  32|   0|   32|          0|
    |kernel_1_i_load_50_reg_5897                                         |  32|   0|   32|          0|
    |kernel_1_i_load_51_766_reg_5922                                     |  32|   0|   32|          0|
    |kernel_1_i_load_51_reg_5917                                         |  32|   0|   32|          0|
    |kernel_1_i_load_52_768_reg_5982                                     |  32|   0|   32|          0|
    |kernel_1_i_load_52_reg_5977                                         |  32|   0|   32|          0|
    |kernel_1_i_load_53_770_reg_6002                                     |  32|   0|   32|          0|
    |kernel_1_i_load_53_reg_5997                                         |  32|   0|   32|          0|
    |kernel_1_i_load_54_772_reg_6062                                     |  32|   0|   32|          0|
    |kernel_1_i_load_54_reg_6057                                         |  32|   0|   32|          0|
    |kernel_1_i_load_55_774_reg_6082                                     |  32|   0|   32|          0|
    |kernel_1_i_load_55_reg_6077                                         |  32|   0|   32|          0|
    |kernel_1_i_load_56_776_reg_6142                                     |  32|   0|   32|          0|
    |kernel_1_i_load_56_reg_6137                                         |  32|   0|   32|          0|
    |kernel_1_i_load_57_778_reg_6162                                     |  32|   0|   32|          0|
    |kernel_1_i_load_57_reg_6157                                         |  32|   0|   32|          0|
    |kernel_1_i_load_58_780_reg_6222                                     |  32|   0|   32|          0|
    |kernel_1_i_load_58_reg_6217                                         |  32|   0|   32|          0|
    |kernel_1_i_load_59_782_reg_6242                                     |  32|   0|   32|          0|
    |kernel_1_i_load_59_reg_6237                                         |  32|   0|   32|          0|
    |kernel_1_i_load_5_674_reg_4082                                      |  32|   0|   32|          0|
    |kernel_1_i_load_5_reg_4077                                          |  32|   0|   32|          0|
    |kernel_1_i_load_60_784_reg_6302                                     |  32|   0|   32|          0|
    |kernel_1_i_load_60_reg_6297                                         |  32|   0|   32|          0|
    |kernel_1_i_load_61_786_reg_6322                                     |  32|   0|   32|          0|
    |kernel_1_i_load_61_reg_6317                                         |  32|   0|   32|          0|
    |kernel_1_i_load_62_788_reg_6387                                     |  32|   0|   32|          0|
    |kernel_1_i_load_62_reg_6382                                         |  32|   0|   32|          0|
    |kernel_1_i_load_63_790_reg_6407                                     |  32|   0|   32|          0|
    |kernel_1_i_load_63_reg_6402                                         |  32|   0|   32|          0|
    |kernel_1_i_load_664_reg_3902                                        |  32|   0|   32|          0|
    |kernel_1_i_load_6_676_reg_4142                                      |  32|   0|   32|          0|
    |kernel_1_i_load_6_reg_4137                                          |  32|   0|   32|          0|
    |kernel_1_i_load_7_678_reg_4162                                      |  32|   0|   32|          0|
    |kernel_1_i_load_7_reg_4157                                          |  32|   0|   32|          0|
    |kernel_1_i_load_8_680_reg_4222                                      |  32|   0|   32|          0|
    |kernel_1_i_load_8_reg_4217                                          |  32|   0|   32|          0|
    |kernel_1_i_load_9_682_reg_4242                                      |  32|   0|   32|          0|
    |kernel_1_i_load_9_reg_4237                                          |  32|   0|   32|          0|
    |kernel_1_i_load_reg_3897                                            |  32|   0|   32|          0|
    |kernel_2_i_load_10_reg_4292                                         |  32|   0|   32|          0|
    |kernel_2_i_load_11_reg_4312                                         |  32|   0|   32|          0|
    |kernel_2_i_load_12_reg_4372                                         |  32|   0|   32|          0|
    |kernel_2_i_load_13_reg_4392                                         |  32|   0|   32|          0|
    |kernel_2_i_load_14_reg_4452                                         |  32|   0|   32|          0|
    |kernel_2_i_load_15_reg_4472                                         |  32|   0|   32|          0|
    |kernel_2_i_load_16_reg_4532                                         |  32|   0|   32|          0|
    |kernel_2_i_load_17_reg_4552                                         |  32|   0|   32|          0|
    |kernel_2_i_load_18_reg_4612                                         |  32|   0|   32|          0|
    |kernel_2_i_load_19_reg_4632                                         |  32|   0|   32|          0|
    |kernel_2_i_load_1_reg_3912                                          |  32|   0|   32|          0|
    |kernel_2_i_load_20_reg_4692                                         |  32|   0|   32|          0|
    |kernel_2_i_load_21_reg_4712                                         |  32|   0|   32|          0|
    |kernel_2_i_load_22_reg_4772                                         |  32|   0|   32|          0|
    |kernel_2_i_load_23_reg_4792                                         |  32|   0|   32|          0|
    |kernel_2_i_load_24_reg_4852                                         |  32|   0|   32|          0|
    |kernel_2_i_load_25_reg_4872                                         |  32|   0|   32|          0|
    |kernel_2_i_load_26_reg_4932                                         |  32|   0|   32|          0|
    |kernel_2_i_load_27_reg_4952                                         |  32|   0|   32|          0|
    |kernel_2_i_load_28_reg_5012                                         |  32|   0|   32|          0|
    |kernel_2_i_load_29_reg_5032                                         |  32|   0|   32|          0|
    |kernel_2_i_load_2_reg_3972                                          |  32|   0|   32|          0|
    |kernel_2_i_load_30_reg_5092                                         |  32|   0|   32|          0|
    |kernel_2_i_load_31_reg_5112                                         |  32|   0|   32|          0|
    |kernel_2_i_load_32_reg_5172                                         |  32|   0|   32|          0|
    |kernel_2_i_load_33_reg_5192                                         |  32|   0|   32|          0|
    |kernel_2_i_load_34_reg_5252                                         |  32|   0|   32|          0|
    |kernel_2_i_load_35_reg_5272                                         |  32|   0|   32|          0|
    |kernel_2_i_load_36_reg_5332                                         |  32|   0|   32|          0|
    |kernel_2_i_load_37_reg_5352                                         |  32|   0|   32|          0|
    |kernel_2_i_load_38_reg_5412                                         |  32|   0|   32|          0|
    |kernel_2_i_load_39_reg_5432                                         |  32|   0|   32|          0|
    |kernel_2_i_load_3_reg_3992                                          |  32|   0|   32|          0|
    |kernel_2_i_load_40_reg_5492                                         |  32|   0|   32|          0|
    |kernel_2_i_load_41_reg_5512                                         |  32|   0|   32|          0|
    |kernel_2_i_load_42_reg_5572                                         |  32|   0|   32|          0|
    |kernel_2_i_load_43_reg_5592                                         |  32|   0|   32|          0|
    |kernel_2_i_load_44_reg_5652                                         |  32|   0|   32|          0|
    |kernel_2_i_load_45_reg_5672                                         |  32|   0|   32|          0|
    |kernel_2_i_load_46_reg_5732                                         |  32|   0|   32|          0|
    |kernel_2_i_load_47_reg_5752                                         |  32|   0|   32|          0|
    |kernel_2_i_load_48_reg_5812                                         |  32|   0|   32|          0|
    |kernel_2_i_load_49_reg_5832                                         |  32|   0|   32|          0|
    |kernel_2_i_load_4_reg_4052                                          |  32|   0|   32|          0|
    |kernel_2_i_load_50_reg_5892                                         |  32|   0|   32|          0|
    |kernel_2_i_load_51_reg_5912                                         |  32|   0|   32|          0|
    |kernel_2_i_load_52_reg_5972                                         |  32|   0|   32|          0|
    |kernel_2_i_load_53_reg_5992                                         |  32|   0|   32|          0|
    |kernel_2_i_load_54_reg_6052                                         |  32|   0|   32|          0|
    |kernel_2_i_load_55_reg_6072                                         |  32|   0|   32|          0|
    |kernel_2_i_load_56_reg_6132                                         |  32|   0|   32|          0|
    |kernel_2_i_load_57_reg_6152                                         |  32|   0|   32|          0|
    |kernel_2_i_load_58_reg_6212                                         |  32|   0|   32|          0|
    |kernel_2_i_load_59_reg_6232                                         |  32|   0|   32|          0|
    |kernel_2_i_load_5_reg_4072                                          |  32|   0|   32|          0|
    |kernel_2_i_load_60_reg_6292                                         |  32|   0|   32|          0|
    |kernel_2_i_load_61_reg_6312                                         |  32|   0|   32|          0|
    |kernel_2_i_load_62_reg_6377                                         |  32|   0|   32|          0|
    |kernel_2_i_load_63_reg_6397                                         |  32|   0|   32|          0|
    |kernel_2_i_load_6_reg_4132                                          |  32|   0|   32|          0|
    |kernel_2_i_load_7_reg_4152                                          |  32|   0|   32|          0|
    |kernel_2_i_load_8_reg_4212                                          |  32|   0|   32|          0|
    |kernel_2_i_load_9_reg_4232                                          |  32|   0|   32|          0|
    |kernel_2_i_load_reg_3892                                            |  32|   0|   32|          0|
    |kernel_i_load_10_reg_4307                                           |  32|   0|   32|          0|
    |kernel_i_load_11_reg_4327                                           |  32|   0|   32|          0|
    |kernel_i_load_12_reg_4387                                           |  32|   0|   32|          0|
    |kernel_i_load_13_reg_4407                                           |  32|   0|   32|          0|
    |kernel_i_load_14_reg_4467                                           |  32|   0|   32|          0|
    |kernel_i_load_15_reg_4487                                           |  32|   0|   32|          0|
    |kernel_i_load_16_reg_4547                                           |  32|   0|   32|          0|
    |kernel_i_load_17_reg_4567                                           |  32|   0|   32|          0|
    |kernel_i_load_18_reg_4627                                           |  32|   0|   32|          0|
    |kernel_i_load_19_reg_4647                                           |  32|   0|   32|          0|
    |kernel_i_load_1_reg_3927                                            |  32|   0|   32|          0|
    |kernel_i_load_20_reg_4707                                           |  32|   0|   32|          0|
    |kernel_i_load_21_reg_4727                                           |  32|   0|   32|          0|
    |kernel_i_load_22_reg_4787                                           |  32|   0|   32|          0|
    |kernel_i_load_23_reg_4807                                           |  32|   0|   32|          0|
    |kernel_i_load_24_reg_4867                                           |  32|   0|   32|          0|
    |kernel_i_load_25_reg_4887                                           |  32|   0|   32|          0|
    |kernel_i_load_26_reg_4947                                           |  32|   0|   32|          0|
    |kernel_i_load_27_reg_4967                                           |  32|   0|   32|          0|
    |kernel_i_load_28_reg_5027                                           |  32|   0|   32|          0|
    |kernel_i_load_29_reg_5047                                           |  32|   0|   32|          0|
    |kernel_i_load_2_reg_3987                                            |  32|   0|   32|          0|
    |kernel_i_load_30_reg_5107                                           |  32|   0|   32|          0|
    |kernel_i_load_31_reg_5127                                           |  32|   0|   32|          0|
    |kernel_i_load_32_reg_5187                                           |  32|   0|   32|          0|
    |kernel_i_load_33_reg_5207                                           |  32|   0|   32|          0|
    |kernel_i_load_34_reg_5267                                           |  32|   0|   32|          0|
    |kernel_i_load_35_reg_5287                                           |  32|   0|   32|          0|
    |kernel_i_load_36_reg_5347                                           |  32|   0|   32|          0|
    |kernel_i_load_37_reg_5367                                           |  32|   0|   32|          0|
    |kernel_i_load_38_reg_5427                                           |  32|   0|   32|          0|
    |kernel_i_load_39_reg_5447                                           |  32|   0|   32|          0|
    |kernel_i_load_3_reg_4007                                            |  32|   0|   32|          0|
    |kernel_i_load_40_reg_5507                                           |  32|   0|   32|          0|
    |kernel_i_load_41_reg_5527                                           |  32|   0|   32|          0|
    |kernel_i_load_42_reg_5587                                           |  32|   0|   32|          0|
    |kernel_i_load_43_reg_5607                                           |  32|   0|   32|          0|
    |kernel_i_load_44_reg_5667                                           |  32|   0|   32|          0|
    |kernel_i_load_45_reg_5687                                           |  32|   0|   32|          0|
    |kernel_i_load_46_reg_5747                                           |  32|   0|   32|          0|
    |kernel_i_load_47_reg_5767                                           |  32|   0|   32|          0|
    |kernel_i_load_48_reg_5827                                           |  32|   0|   32|          0|
    |kernel_i_load_49_reg_5847                                           |  32|   0|   32|          0|
    |kernel_i_load_4_reg_4067                                            |  32|   0|   32|          0|
    |kernel_i_load_50_reg_5907                                           |  32|   0|   32|          0|
    |kernel_i_load_51_reg_5927                                           |  32|   0|   32|          0|
    |kernel_i_load_52_reg_5987                                           |  32|   0|   32|          0|
    |kernel_i_load_53_reg_6007                                           |  32|   0|   32|          0|
    |kernel_i_load_54_reg_6067                                           |  32|   0|   32|          0|
    |kernel_i_load_55_reg_6087                                           |  32|   0|   32|          0|
    |kernel_i_load_56_reg_6147                                           |  32|   0|   32|          0|
    |kernel_i_load_57_reg_6167                                           |  32|   0|   32|          0|
    |kernel_i_load_58_reg_6227                                           |  32|   0|   32|          0|
    |kernel_i_load_59_reg_6247                                           |  32|   0|   32|          0|
    |kernel_i_load_5_reg_4087                                            |  32|   0|   32|          0|
    |kernel_i_load_60_reg_6307                                           |  32|   0|   32|          0|
    |kernel_i_load_61_reg_6327                                           |  32|   0|   32|          0|
    |kernel_i_load_62_reg_6392                                           |  32|   0|   32|          0|
    |kernel_i_load_63_reg_6412                                           |  32|   0|   32|          0|
    |kernel_i_load_6_reg_4147                                            |  32|   0|   32|          0|
    |kernel_i_load_7_reg_4167                                            |  32|   0|   32|          0|
    |kernel_i_load_8_reg_4227                                            |  32|   0|   32|          0|
    |kernel_i_load_9_reg_4247                                            |  32|   0|   32|          0|
    |kernel_i_load_reg_3907                                              |  32|   0|   32|          0|
    |tmp_reg_6372                                                        |   6|   0|   14|          8|
    +--------------------------------------------------------------------+----+----+-----+-----------+
    |Total                                                               |8236|   0| 8244|          8|
    +--------------------------------------------------------------------+----+----+-----+-----------+



================================================================
== Interface
================================================================
* Summary: 
+--------------------------+-----+-----+------------+------------------------+--------------+
|         RTL Ports        | Dir | Bits|  Protocol  |      Source Object     |    C Type    |
+--------------------------+-----+-----+------------+------------------------+--------------+
|ap_clk                    |   in|    1|  ap_ctrl_hs|  compute_convolution.14|  return value|
|ap_rst                    |   in|    1|  ap_ctrl_hs|  compute_convolution.14|  return value|
|ap_start                  |   in|    1|  ap_ctrl_hs|  compute_convolution.14|  return value|
|ap_done                   |  out|    1|  ap_ctrl_hs|  compute_convolution.14|  return value|
|ap_continue               |   in|    1|  ap_ctrl_hs|  compute_convolution.14|  return value|
|ap_idle                   |  out|    1|  ap_ctrl_hs|  compute_convolution.14|  return value|
|ap_ready                  |  out|    1|  ap_ctrl_hs|  compute_convolution.14|  return value|
|padded_A_2_i_address0     |  out|    7|   ap_memory|            padded_A_2_i|         array|
|padded_A_2_i_ce0          |  out|    1|   ap_memory|            padded_A_2_i|         array|
|padded_A_2_i_q0           |   in|   32|   ap_memory|            padded_A_2_i|         array|
|padded_A_2_i_address1     |  out|    7|   ap_memory|            padded_A_2_i|         array|
|padded_A_2_i_ce1          |  out|    1|   ap_memory|            padded_A_2_i|         array|
|padded_A_2_i_q1           |   in|   32|   ap_memory|            padded_A_2_i|         array|
|padded_A_1_i_80_address0  |  out|    7|   ap_memory|         padded_A_1_i_80|         array|
|padded_A_1_i_80_ce0       |  out|    1|   ap_memory|         padded_A_1_i_80|         array|
|padded_A_1_i_80_q0        |   in|   32|   ap_memory|         padded_A_1_i_80|         array|
|padded_A_1_i_80_address1  |  out|    7|   ap_memory|         padded_A_1_i_80|         array|
|padded_A_1_i_80_ce1       |  out|    1|   ap_memory|         padded_A_1_i_80|         array|
|padded_A_1_i_80_q1        |   in|   32|   ap_memory|         padded_A_1_i_80|         array|
|padded_A_1_i_address0     |  out|    7|   ap_memory|            padded_A_1_i|         array|
|padded_A_1_i_ce0          |  out|    1|   ap_memory|            padded_A_1_i|         array|
|padded_A_1_i_q0           |   in|   32|   ap_memory|            padded_A_1_i|         array|
|padded_A_1_i_address1     |  out|    7|   ap_memory|            padded_A_1_i|         array|
|padded_A_1_i_ce1          |  out|    1|   ap_memory|            padded_A_1_i|         array|
|padded_A_1_i_q1           |   in|   32|   ap_memory|            padded_A_1_i|         array|
|padded_A_i_address0       |  out|    7|   ap_memory|              padded_A_i|         array|
|padded_A_i_ce0            |  out|    1|   ap_memory|              padded_A_i|         array|
|padded_A_i_q0             |   in|   32|   ap_memory|              padded_A_i|         array|
|padded_A_i_address1       |  out|    7|   ap_memory|              padded_A_i|         array|
|padded_A_i_ce1            |  out|    1|   ap_memory|              padded_A_i|         array|
|padded_A_i_q1             |   in|   32|   ap_memory|              padded_A_i|         array|
|kernel_2_i_address0       |  out|    6|   ap_memory|              kernel_2_i|         array|
|kernel_2_i_ce0            |  out|    1|   ap_memory|              kernel_2_i|         array|
|kernel_2_i_q0             |   in|   32|   ap_memory|              kernel_2_i|         array|
|kernel_2_i_address1       |  out|    6|   ap_memory|              kernel_2_i|         array|
|kernel_2_i_ce1            |  out|    1|   ap_memory|              kernel_2_i|         array|
|kernel_2_i_q1             |   in|   32|   ap_memory|              kernel_2_i|         array|
|kernel_1_i_81_address0    |  out|    6|   ap_memory|           kernel_1_i_81|         array|
|kernel_1_i_81_ce0         |  out|    1|   ap_memory|           kernel_1_i_81|         array|
|kernel_1_i_81_q0          |   in|   32|   ap_memory|           kernel_1_i_81|         array|
|kernel_1_i_81_address1    |  out|    6|   ap_memory|           kernel_1_i_81|         array|
|kernel_1_i_81_ce1         |  out|    1|   ap_memory|           kernel_1_i_81|         array|
|kernel_1_i_81_q1          |   in|   32|   ap_memory|           kernel_1_i_81|         array|
|kernel_1_i_address0       |  out|    6|   ap_memory|              kernel_1_i|         array|
|kernel_1_i_ce0            |  out|    1|   ap_memory|              kernel_1_i|         array|
|kernel_1_i_q0             |   in|   32|   ap_memory|              kernel_1_i|         array|
|kernel_1_i_address1       |  out|    6|   ap_memory|              kernel_1_i|         array|
|kernel_1_i_ce1            |  out|    1|   ap_memory|              kernel_1_i|         array|
|kernel_1_i_q1             |   in|   32|   ap_memory|              kernel_1_i|         array|
|kernel_i_address0         |  out|    6|   ap_memory|                kernel_i|         array|
|kernel_i_ce0              |  out|    1|   ap_memory|                kernel_i|         array|
|kernel_i_q0               |   in|   32|   ap_memory|                kernel_i|         array|
|kernel_i_address1         |  out|    6|   ap_memory|                kernel_i|         array|
|kernel_i_ce1              |  out|    1|   ap_memory|                kernel_i|         array|
|kernel_i_q1               |   in|   32|   ap_memory|                kernel_i|         array|
|C_address0                |  out|   14|   ap_memory|                       C|         array|
|C_ce0                     |  out|    1|   ap_memory|                       C|         array|
|C_we0                     |  out|    1|   ap_memory|                       C|         array|
|C_d0                      |  out|   32|   ap_memory|                       C|         array|
|p_read                    |   in|    4|     ap_none|                  p_read|        scalar|
|j_dout                    |   in|    2|     ap_fifo|                       j|       pointer|
|j_empty_n                 |   in|    1|     ap_fifo|                       j|       pointer|
|j_read                    |  out|    1|     ap_fifo|                       j|       pointer|
|j_num_data_valid          |   in|    3|     ap_fifo|                       j|       pointer|
|j_fifo_cap                |   in|    3|     ap_fifo|                       j|       pointer|
+--------------------------+-----+-----+------------+------------------------+--------------+

