================================================================
== Design Size Report
================================================================

* Total Instructions per Compilation Phase
+---------------+-----------------------------+--------------+----------------------------------------------------------------------------------------+
| Phase         | Step                        | Instructions | Description                                                                            |
+---------------+-----------------------------+--------------+----------------------------------------------------------------------------------------+
| Compile/Link  |                             |   119        | After all functions are compiled and linked into a single design                       |
|               |                             |              |                                                                                        |
| Unroll/Inline |                             |              | After user unroll and inline pragmas are applied                                       |
|               | (1) unroll                  | 2,130        | user unroll pragmas are applied                                                        |
|               | (2) simplification          | 2,113        | simplification of applied user unroll pragmas                                          |
|               | (3) inline                  | 1,857        | user inline pragmas are applied                                                        |
|               | (4) simplification          | 1,857        | simplification of applied user inline pragmas                                          |
|               |                             |              |                                                                                        |
| Array/Struct  |                             |              | After user array partition and struct aggregate/disaggregate pragmas are applied       |
|               | (1) array partition         | 5,709        | user array partition pragmas are applied                                               |
|               | (2) simplification          | 3,918        | simplification of applied user array partition & struct aggregate/disaggregate pragmas |
|               | (3) aggregate/disaggregate  | 3,918        | user struct aggregate/disaggregate pragmas are applied                                 |
|               | (4) array reshape           | 3,918        | apply array reshape pragmas                                                            |
|               | (5) access patterns         | 3,918        | array access pattern optmizations                                                      |
|               |                             |              |                                                                                        |
| Performance   |                             |              | After transformations are applied to meet performance pragma targets                   |
|               | (1) loop simplification     | 3,918        | loop and instruction simplification                                                    |
|               | (2) parallelization         | 3,918        | loops are unrolled or pipelined to meet performance targets                            |
|               | (3) array partition         | 3,918        | arrays are partitioned to meet performance targets                                     |
|               | (4) simplification          | 3,918        | simplification of design after performance transformations                             |
|               |                             |              |                                                                                        |
| HW Transforms |                             |              | After hardware transfomations                                                          |
|               | (1) lowering                | 3,926        | initial conversion to HW specific instructions                                         |
|               | (2) optimizations           | 3,930        | high level synthesis optimizations                                                     |
+---------------+-----------------------------+--------------+----------------------------------------------------------------------------------------+

* Instructions per Function for each Compilation Phase
+---------------------------+------------+--------------+---------------+--------------+-------------+---------------+
| Function                  | Location   | Compile/Link | Unroll/Inline | Array/Struct | Performance | HW Transforms |
+---------------------------+------------+--------------+---------------+--------------+-------------+---------------+
| + circular_convolution_3d | top.cpp:44 | 119          | 1,857         | 3,918        | 3,918       | 3,930         |
|    pad_input              | top.cpp:8  |  18          |   13          |   32         |   32        |               |
|    prepare_kernel         | top.cpp:17 |  20          |   16          |   35         |   35        |               |
|    compute_convolution    | top.cpp:26 |  34          | 1,798         | 3,785        | 3,785       |               |
+---------------------------+------------+--------------+---------------+--------------+-------------+---------------+

* Design Size Message Settings
+---------------------------------------------+--------+------------------------------------------------------------------+
| Message Setting                             | Value  | Description                                                      |
+---------------------------------------------+--------+------------------------------------------------------------------+
| config_compile -design_size_maximum_warning | 100000 | Show a warning when total design instructions exceeds this value |
+---------------------------------------------+--------+------------------------------------------------------------------+


