

================================================================
== Vitis HLS Report for 'dataflow_in_loop_VITIS_LOOP_54_2_1'
================================================================
* Date:           Mon Apr 28 18:49:12 2025

* Version:        2024.2.2 (Build 6049644 on Mar  5 2025)
* Project:        project_1
* Solution:       solution1 (Vivado IP Flow Target)
* Product family: aversalaiedge
* Target device:  xave1752-vsva1596-1LJ-i-S


================================================================
== Performance Estimates
================================================================
+ Timing: 
    * Summary: 
    +--------+----------+----------+------------+
    |  Clock |  Target  | Estimated| Uncertainty|
    +--------+----------+----------+------------+
    |ap_clk  |  10.00 ns|  6.054 ns|     2.70 ns|
    +--------+----------+----------+------------+

+ Latency: 
    * Summary: 
    +---------+---------+-----------+-----------+------+------+----------+
    |  Latency (cycles) |   Latency (absolute)  |   Interval  | Pipeline |
    |   min   |   max   |    min    |    max    |  min |  max |   Type   |
    +---------+---------+-----------+-----------+------+------+----------+
    |     8966|     8966|  89.660 us|  89.660 us|  8453|  8453|  dataflow|
    +---------+---------+-----------+-----------+------+------+----------+

    + Detail: 
        * Instance: 
        +---------------------------+------------------------+---------+---------+-----------+-----------+------+------+------------------------------------------------+
        |                           |                        |  Latency (cycles) |   Latency (absolute)  |   Interval  |                    Pipeline                    |
        |          Instance         |         Module         |   min   |   max   |    min    |    max    |  min |  max |                      Type                      |
        +---------------------------+------------------------+---------+---------+-----------+-----------+------+------+------------------------------------------------+
        |entry_proc8_U0             |entry_proc8             |        0|        0|       0 ns|       0 ns|     0|     0|                                              no|
        |pad_input_129_U0           |pad_input_129           |      513|      513|   5.130 us|   5.130 us|   511|   511|  loop auto-rewind stp (delay=0 clock cycles(s))|
        |prepare_kernel_1310_U0     |prepare_kernel_1310     |      258|      258|   2.580 us|   2.580 us|   256|   256|  loop auto-rewind stp (delay=0 clock cycles(s))|
        |compute_convolution_14_U0  |compute_convolution_14  |     8452|     8452|  84.520 us|  84.520 us|  8452|  8452|                                              no|
        +---------------------------+------------------------+---------+---------+-----------+-----------+------+------+------------------------------------------------+

        * Loop: 
        N/A



================================================================
== Utilization Estimates
================================================================
* Summary: 
+-----------------+---------+------+--------+--------+-----+
|       Name      | BRAM_18K|  DSP |   FF   |   LUT  | URAM|
+-----------------+---------+------+--------+--------+-----+
|DSP              |        -|     -|       -|       -|    -|
|Expression       |        -|     -|       0|      30|    -|
|FIFO             |        -|     -|      30|      26|    -|
|Instance         |        -|     8|   20187|   23913|    -|
|Memory           |       32|     -|       0|       0|    0|
|Multiplexer      |        -|     -|       0|       6|    -|
|Register         |        -|     -|       6|       -|    -|
+-----------------+---------+------+--------+--------+-----+
|Total            |       32|     8|   20223|   23975|    0|
+-----------------+---------+------+--------+--------+-----+
|Available        |     1908|  1312|  897024|  448512|  462|
+-----------------+---------+------+--------+--------+-----+
|Utilization (%)  |        1|    ~0|       2|       5|    0|
+-----------------+---------+------+--------+--------+-----+

+ Detail: 
    * Instance: 
    +---------------------------+------------------------+---------+----+-------+-------+-----+
    |          Instance         |         Module         | BRAM_18K| DSP|   FF  |  LUT  | URAM|
    +---------------------------+------------------------+---------+----+-------+-------+-----+
    |compute_convolution_14_U0  |compute_convolution_14  |        0|   8|  20135|  23806|    0|
    |entry_proc8_U0             |entry_proc8             |        0|   0|      2|      4|    0|
    |pad_input_129_U0           |pad_input_129           |        0|   0|     30|     60|    0|
    |prepare_kernel_1310_U0     |prepare_kernel_1310     |        0|   0|     20|     43|    0|
    +---------------------------+------------------------+---------+----+-------+-------+-----+
    |Total                      |                        |        0|   8|  20187|  23913|    0|
    +---------------------------+------------------------+---------+----+-------+-------+-----+

    * DSP: 
    N/A

    * Memory: 
    +--------------+-----------------------------------------------------------+---------+---+----+-----+------+-----+------+-------------+
    |    Memory    |                           Module                          | BRAM_18K| FF| LUT| URAM| Words| Bits| Banks| W*Bits*Banks|
    +--------------+-----------------------------------------------------------+---------+---+----+-----+------+-----+------+-------------+
    |kernel_U      |dataflow_in_loop_VITIS_LOOP_54_2_1_kernel_RAM_AUTO_1R1W    |        4|  0|   0|    0|    64|   32|     1|         2048|
    |kernel_1_U    |dataflow_in_loop_VITIS_LOOP_54_2_1_kernel_RAM_AUTO_1R1W    |        4|  0|   0|    0|    64|   32|     1|         2048|
    |kernel_2_U    |dataflow_in_loop_VITIS_LOOP_54_2_1_kernel_RAM_AUTO_1R1W    |        4|  0|   0|    0|    64|   32|     1|         2048|
    |kernel_3_U    |dataflow_in_loop_VITIS_LOOP_54_2_1_kernel_RAM_AUTO_1R1W    |        4|  0|   0|    0|    64|   32|     1|         2048|
    |padded_A_U    |dataflow_in_loop_VITIS_LOOP_54_2_1_padded_A_RAM_AUTO_1R1W  |        4|  0|   0|    0|   128|   32|     1|         4096|
    |padded_A_1_U  |dataflow_in_loop_VITIS_LOOP_54_2_1_padded_A_RAM_AUTO_1R1W  |        4|  0|   0|    0|   128|   32|     1|         4096|
    |padded_A_2_U  |dataflow_in_loop_VITIS_LOOP_54_2_1_padded_A_RAM_AUTO_1R1W  |        4|  0|   0|    0|   128|   32|     1|         4096|
    |padded_A_3_U  |dataflow_in_loop_VITIS_LOOP_54_2_1_padded_A_RAM_AUTO_1R1W  |        4|  0|   0|    0|   128|   32|     1|         4096|
    +--------------+-----------------------------------------------------------+---------+---+----+-----+------+-----+------+-------------+
    |Total         |                                                           |       32|  0|   0|    0|   768|  256|     8|        24576|
    +--------------+-----------------------------------------------------------+---------+---+----+-----+------+-----+------+-------------+

    * FIFO: 
    +---------+---------+----+----+-----+------+-----+---------+
    |   Name  | BRAM_18K| FF | LUT| URAM| Depth| Bits| Size:D*B|
    +---------+---------+----+----+-----+------+-----+---------+
    |j_c_i_U  |        0|   7|   0|    -|     3|    2|        6|
    |tmp_1_U  |        0|  23|   0|    -|     2|    4|        8|
    +---------+---------+----+----+-----+------+-----+---------+
    |Total    |        0|  30|   0|    0|     5|    6|       14|
    +---------+---------+----+----+-----+------+-----+---------+

    * Expression: 
    +-----------------------------------------+----------+----+---+----+------------+------------+
    |              Variable Name              | Operation| DSP| FF| LUT| Bitwidth P0| Bitwidth P1|
    +-----------------------------------------+----------+----+---+----+------------+------------+
    |ap_channel_done_kernel                   |       and|   0|  0|   2|           1|           1|
    |ap_channel_done_padded_A                 |       and|   0|  0|   2|           1|           1|
    |ap_channel_done_tmp_1                    |       and|   0|  0|   2|           1|           1|
    |ap_idle                                  |       and|   0|  0|   2|           1|           1|
    |ap_sync_ready                            |       and|   0|  0|   2|           1|           1|
    |compute_convolution_14_U0_ap_start       |       and|   0|  0|   2|           1|           1|
    |entry_proc8_U0_ap_start                  |       and|   0|  0|   2|           1|           1|
    |pad_input_129_U0_ap_start                |       and|   0|  0|   2|           1|           1|
    |prepare_kernel_1310_U0_ap_start          |       and|   0|  0|   2|           1|           1|
    |ap_sync_channel_write_kernel             |        or|   0|  0|   2|           1|           1|
    |ap_sync_channel_write_padded_A           |        or|   0|  0|   2|           1|           1|
    |ap_sync_channel_write_tmp_1              |        or|   0|  0|   2|           1|           1|
    |ap_sync_entry_proc8_U0_ap_ready          |        or|   0|  0|   2|           1|           1|
    |ap_sync_pad_input_129_U0_ap_ready        |        or|   0|  0|   2|           1|           1|
    |ap_sync_prepare_kernel_1310_U0_ap_ready  |        or|   0|  0|   2|           1|           1|
    +-----------------------------------------+----------+----+---+----+------------+------------+
    |Total                                    |          |   0|  0|  30|          15|          15|
    +-----------------------------------------+----------+----+---+----+------------+------------+

    * Multiplexer: 
    +---------------------------------------------+----+-----------+-----+-----------+
    |                     Name                    | LUT| Input Size| Bits| Total Bits|
    +---------------------------------------------+----+-----------+-----+-----------+
    |ap_sync_reg_channel_write_kernel             |   1|          2|    1|          2|
    |ap_sync_reg_channel_write_padded_A           |   1|          2|    1|          2|
    |ap_sync_reg_channel_write_tmp_1              |   1|          2|    1|          2|
    |ap_sync_reg_entry_proc8_U0_ap_ready          |   1|          2|    1|          2|
    |ap_sync_reg_pad_input_129_U0_ap_ready        |   1|          2|    1|          2|
    |ap_sync_reg_prepare_kernel_1310_U0_ap_ready  |   1|          2|    1|          2|
    +---------------------------------------------+----+-----------+-----+-----------+
    |Total                                        |   6|         12|    6|         12|
    +---------------------------------------------+----+-----------+-----+-----------+

    * Register: 
    +---------------------------------------------+---+----+-----+-----------+
    |                     Name                    | FF| LUT| Bits| Const Bits|
    +---------------------------------------------+---+----+-----+-----------+
    |ap_sync_reg_channel_write_kernel             |  1|   0|    1|          0|
    |ap_sync_reg_channel_write_padded_A           |  1|   0|    1|          0|
    |ap_sync_reg_channel_write_tmp_1              |  1|   0|    1|          0|
    |ap_sync_reg_entry_proc8_U0_ap_ready          |  1|   0|    1|          0|
    |ap_sync_reg_pad_input_129_U0_ap_ready        |  1|   0|    1|          0|
    |ap_sync_reg_prepare_kernel_1310_U0_ap_ready  |  1|   0|    1|          0|
    +---------------------------------------------+---+----+-----+-----------+
    |Total                                        |  6|   0|    6|          0|
    +---------------------------------------------+---+----+-----+-----------+



================================================================
== Interface
================================================================
* Summary: 
+-------------+-----+-----+------------+------------------------------------+--------------+
|  RTL Ports  | Dir | Bits|  Protocol  |            Source Object           |    C Type    |
+-------------+-----+-----+------------+------------------------------------+--------------+
|ap_clk       |   in|    1|  ap_ctrl_hs|  dataflow_in_loop_VITIS_LOOP_54_2.1|  return value|
|ap_rst       |   in|    1|  ap_ctrl_hs|  dataflow_in_loop_VITIS_LOOP_54_2.1|  return value|
|ap_start     |   in|    1|  ap_ctrl_hs|  dataflow_in_loop_VITIS_LOOP_54_2.1|  return value|
|ap_done      |  out|    1|  ap_ctrl_hs|  dataflow_in_loop_VITIS_LOOP_54_2.1|  return value|
|ap_ready     |  out|    1|  ap_ctrl_hs|  dataflow_in_loop_VITIS_LOOP_54_2.1|  return value|
|ap_idle      |  out|    1|  ap_ctrl_hs|  dataflow_in_loop_VITIS_LOOP_54_2.1|  return value|
|ap_continue  |   in|    1|  ap_ctrl_hs|  dataflow_in_loop_VITIS_LOOP_54_2.1|  return value|
|A_address0   |  out|   14|   ap_memory|                                   A|         array|
|A_ce0        |  out|    1|   ap_memory|                                   A|         array|
|A_d0         |  out|   32|   ap_memory|                                   A|         array|
|A_q0         |   in|   32|   ap_memory|                                   A|         array|
|A_we0        |  out|    1|   ap_memory|                                   A|         array|
|A_address1   |  out|   14|   ap_memory|                                   A|         array|
|A_ce1        |  out|    1|   ap_memory|                                   A|         array|
|A_d1         |  out|   32|   ap_memory|                                   A|         array|
|A_q1         |   in|   32|   ap_memory|                                   A|         array|
|A_we1        |  out|    1|   ap_memory|                                   A|         array|
|i            |   in|    4|     ap_none|                                   i|        scalar|
|i_ap_vld     |   in|    1|     ap_none|                                   i|        scalar|
|B_address0   |  out|   14|   ap_memory|                                   B|         array|
|B_ce0        |  out|    1|   ap_memory|                                   B|         array|
|B_d0         |  out|   32|   ap_memory|                                   B|         array|
|B_q0         |   in|   32|   ap_memory|                                   B|         array|
|B_we0        |  out|    1|   ap_memory|                                   B|         array|
|B_address1   |  out|   14|   ap_memory|                                   B|         array|
|B_ce1        |  out|    1|   ap_memory|                                   B|         array|
|B_d1         |  out|   32|   ap_memory|                                   B|         array|
|B_q1         |   in|   32|   ap_memory|                                   B|         array|
|B_we1        |  out|    1|   ap_memory|                                   B|         array|
|C_address0   |  out|   14|   ap_memory|                                   C|         array|
|C_ce0        |  out|    1|   ap_memory|                                   C|         array|
|C_d0         |  out|   32|   ap_memory|                                   C|         array|
|C_q0         |   in|   32|   ap_memory|                                   C|         array|
|C_we0        |  out|    1|   ap_memory|                                   C|         array|
|C_address1   |  out|   14|   ap_memory|                                   C|         array|
|C_ce1        |  out|    1|   ap_memory|                                   C|         array|
|C_d1         |  out|   32|   ap_memory|                                   C|         array|
|C_q1         |   in|   32|   ap_memory|                                   C|         array|
|C_we1        |  out|    1|   ap_memory|                                   C|         array|
|j            |   in|    3|     ap_none|                                   j|        scalar|
|j_ap_vld     |   in|    1|     ap_none|                                   j|        scalar|
+-------------+-----+-----+------------+------------------------------------+--------------+

