

================================================================
== Vitis HLS Report for 'dataflow_parent_loop_proc'
================================================================
* Date:           Mon Apr 28 18:49:12 2025

* Version:        2024.2.2 (Build 6049644 on Mar  5 2025)
* Project:        project_1
* Solution:       solution1 (Vivado IP Flow Target)
* Product family: aversalaiedge
* Target device:  xave1752-vsva1596-1LJ-i-S


================================================================
== Performance Estimates
================================================================
+ Timing: 
    * Summary: 
    +--------+----------+----------+------------+
    |  Clock |  Target  | Estimated| Uncertainty|
    +--------+----------+----------+------------+
    |ap_clk  |  10.00 ns|  6.054 ns|     2.70 ns|
    +--------+----------+----------+------------+

+ Latency: 
    * Summary: 
    +---------+---------+----------+----------+-------+-------+---------+
    |  Latency (cycles) |  Latency (absolute) |    Interval   | Pipeline|
    |   min   |   max   |    min   |    max   |  min  |  max  |   Type  |
    +---------+---------+----------+----------+-------+-------+---------+
    |    34327|    34327|  0.343 ms|  0.343 ms|  34327|  34327|       no|
    +---------+---------+----------+----------+-------+-------+---------+

    + Detail: 
        * Instance: 
        +---------------------------------------+------------------------------------+---------+---------+-----------+-----------+------+------+----------+
        |                                       |                                    |  Latency (cycles) |   Latency (absolute)  |   Interval  | Pipeline |
        |                Instance               |               Module               |   min   |   max   |    min    |    max    |  min |  max |   Type   |
        +---------------------------------------+------------------------------------+---------+---------+-----------+-----------+------+------+----------+
        |dataflow_in_loop_VITIS_LOOP_54_2_1_U0  |dataflow_in_loop_VITIS_LOOP_54_2_1  |     8966|     8966|  89.660 us|  89.660 us|  8453|  8453|  dataflow|
        +---------------------------------------+------------------------------------+---------+---------+-----------+-----------+------+------+----------+

        * Loop: 
        +-------------------+---------+---------+----------+-----------+-----------+------+----------+
        |                   |  Latency (cycles) | Iteration|  Initiation Interval  | Trip |          |
        |     Loop Name     |   min   |   max   |  Latency |  achieved |   target  | Count| Pipelined|
        +-------------------+---------+---------+----------+-----------+-----------+------+----------+
        |- VITIS_LOOP_54_2  |    34326|    34326|      8968|          -|          -|     4|        no|
        +-------------------+---------+---------+----------+-----------+-----------+------+----------+



================================================================
== Utilization Estimates
================================================================
* Summary: 
+-----------------+---------+------+--------+--------+-----+
|       Name      | BRAM_18K|  DSP |   FF   |   LUT  | URAM|
+-----------------+---------+------+--------+--------+-----+
|DSP              |        -|     -|       -|       -|    -|
|Expression       |        -|     -|       0|      18|    -|
|FIFO             |        -|     -|       -|       -|    -|
|Instance         |       32|     8|   20223|   23975|    0|
|Memory           |        -|     -|       -|       -|    -|
|Multiplexer      |        -|     -|       0|      16|    -|
|Register         |        -|     -|       6|       -|    -|
+-----------------+---------+------+--------+--------+-----+
|Total            |       32|     8|   20229|   24009|    0|
+-----------------+---------+------+--------+--------+-----+
|Available        |     1908|  1312|  897024|  448512|  462|
+-----------------+---------+------+--------+--------+-----+
|Utilization (%)  |        1|    ~0|       2|       5|    0|
+-----------------+---------+------+--------+--------+-----+

+ Detail: 
    * Instance: 
    +---------------------------------------+------------------------------------+---------+----+-------+-------+-----+
    |                Instance               |               Module               | BRAM_18K| DSP|   FF  |  LUT  | URAM|
    +---------------------------------------+------------------------------------+---------+----+-------+-------+-----+
    |dataflow_in_loop_VITIS_LOOP_54_2_1_U0  |dataflow_in_loop_VITIS_LOOP_54_2_1  |       32|   8|  20223|  23975|    0|
    +---------------------------------------+------------------------------------+---------+----+-------+-------+-----+
    |Total                                  |                                    |       32|   8|  20223|  23975|    0|
    +---------------------------------------+------------------------------------+---------+----+-------+-------+-----+

    * DSP: 
    N/A

    * Memory: 
    N/A

    * FIFO: 
    N/A

    * Expression: 
    +----------------------------+----------+----+---+----+------------+------------+
    |        Variable Name       | Operation| DSP| FF| LUT| Bitwidth P0| Bitwidth P1|
    +----------------------------+----------+----+---+----+------------+------------+
    |loop_dataflow_input_count   |         +|   0|  0|   6|           3|           1|
    |loop_dataflow_output_count  |         +|   0|  0|   6|           3|           1|
    |bound_minus_1               |         -|   0|  0|   6|           4|           1|
    +----------------------------+----------+----+---+----+------------+------------+
    |Total                       |          |   0|  0|  18|          10|           3|
    +----------------------------+----------+----+---+----+------------+------------+

    * Multiplexer: 
    +----------------------------+----+-----------+-----+-----------+
    |            Name            | LUT| Input Size| Bits| Total Bits|
    +----------------------------+----+-----------+-----+-----------+
    |loop_dataflow_input_count   |   8|          2|    3|          6|
    |loop_dataflow_output_count  |   8|          2|    3|          6|
    +----------------------------+----+-----------+-----+-----------+
    |Total                       |  16|          4|    6|         12|
    +----------------------------+----+-----------+-----+-----------+

    * Register: 
    +----------------------------+---+----+-----+-----------+
    |            Name            | FF| LUT| Bits| Const Bits|
    +----------------------------+---+----+-----+-----------+
    |loop_dataflow_input_count   |  3|   0|    3|          0|
    |loop_dataflow_output_count  |  3|   0|    3|          0|
    +----------------------------+---+----+-----+-----------+
    |Total                       |  6|   0|    6|          0|
    +----------------------------+---+----+-----+-----------+



================================================================
== Interface
================================================================
* Summary: 
+-------------+-----+-----+------------+---------------------------+--------------+
|  RTL Ports  | Dir | Bits|  Protocol  |       Source Object       |    C Type    |
+-------------+-----+-----+------------+---------------------------+--------------+
|A_address0   |  out|   14|   ap_memory|                          A|         array|
|A_ce0        |  out|    1|   ap_memory|                          A|         array|
|A_d0         |  out|   32|   ap_memory|                          A|         array|
|A_q0         |   in|   32|   ap_memory|                          A|         array|
|A_we0        |  out|    1|   ap_memory|                          A|         array|
|A_address1   |  out|   14|   ap_memory|                          A|         array|
|A_ce1        |  out|    1|   ap_memory|                          A|         array|
|A_d1         |  out|   32|   ap_memory|                          A|         array|
|A_q1         |   in|   32|   ap_memory|                          A|         array|
|A_we1        |  out|    1|   ap_memory|                          A|         array|
|i            |   in|    5|     ap_none|                          i|        scalar|
|i_ap_vld     |   in|    1|     ap_none|                          i|        scalar|
|B_address0   |  out|   14|   ap_memory|                          B|         array|
|B_ce0        |  out|    1|   ap_memory|                          B|         array|
|B_d0         |  out|   32|   ap_memory|                          B|         array|
|B_q0         |   in|   32|   ap_memory|                          B|         array|
|B_we0        |  out|    1|   ap_memory|                          B|         array|
|B_address1   |  out|   14|   ap_memory|                          B|         array|
|B_ce1        |  out|    1|   ap_memory|                          B|         array|
|B_d1         |  out|   32|   ap_memory|                          B|         array|
|B_q1         |   in|   32|   ap_memory|                          B|         array|
|B_we1        |  out|    1|   ap_memory|                          B|         array|
|C_address0   |  out|   14|   ap_memory|                          C|         array|
|C_ce0        |  out|    1|   ap_memory|                          C|         array|
|C_d0         |  out|   32|   ap_memory|                          C|         array|
|C_q0         |   in|   32|   ap_memory|                          C|         array|
|C_we0        |  out|    1|   ap_memory|                          C|         array|
|C_address1   |  out|   14|   ap_memory|                          C|         array|
|C_ce1        |  out|    1|   ap_memory|                          C|         array|
|C_d1         |  out|   32|   ap_memory|                          C|         array|
|C_q1         |   in|   32|   ap_memory|                          C|         array|
|C_we1        |  out|    1|   ap_memory|                          C|         array|
|ap_clk       |   in|    1|  ap_ctrl_hs|  dataflow_parent_loop_proc|  return value|
|ap_rst       |   in|    1|  ap_ctrl_hs|  dataflow_parent_loop_proc|  return value|
|ap_start     |   in|    1|  ap_ctrl_hs|  dataflow_parent_loop_proc|  return value|
|ap_done      |  out|    1|  ap_ctrl_hs|  dataflow_parent_loop_proc|  return value|
|ap_ready     |  out|    1|  ap_ctrl_hs|  dataflow_parent_loop_proc|  return value|
|ap_idle      |  out|    1|  ap_ctrl_hs|  dataflow_parent_loop_proc|  return value|
|ap_continue  |   in|    1|  ap_ctrl_hs|  dataflow_parent_loop_proc|  return value|
+-------------+-----+-----+------------+---------------------------+--------------+

