

================================================================
== Vitis HLS Report for 'entry_proc8'
================================================================
* Date:           Mon Apr 28 18:48:55 2025

* Version:        2024.2.2 (Build 6049644 on Mar  5 2025)
* Project:        project_1
* Solution:       solution1 (Vivado IP Flow Target)
* Product family: aversalaiedge
* Target device:  xave1752-vsva1596-1LJ-i-S


================================================================
== Performance Estimates
================================================================
+ Timing: 
    * Summary: 
    +--------+----------+----------+------------+
    |  Clock |  Target  | Estimated| Uncertainty|
    +--------+----------+----------+------------+
    |ap_clk  |  10.00 ns|  1.418 ns|     2.70 ns|
    +--------+----------+----------+------------+

+ Latency: 
    * Summary: 
    +---------+---------+----------+----------+-----+-----+---------+
    |  Latency (cycles) |  Latency (absolute) |  Interval | Pipeline|
    |   min   |   max   |    min   |    max   | min | max |   Type  |
    +---------+---------+----------+----------+-----+-----+---------+
    |        0|        0|      0 ns|      0 ns|    0|    0|       no|
    +---------+---------+----------+----------+-----+-----+---------+

    + Detail: 
        * Instance: 
        N/A

        * Loop: 
        N/A



================================================================
== Utilization Estimates
================================================================
* Summary: 
+-----------------+---------+------+--------+--------+-----+
|       Name      | BRAM_18K|  DSP |   FF   |   LUT  | URAM|
+-----------------+---------+------+--------+--------+-----+
|DSP              |        -|     -|       -|       -|    -|
|Expression       |        -|     -|       0|       2|    -|
|FIFO             |        -|     -|       -|       -|    -|
|Instance         |        -|     -|       -|       -|    -|
|Memory           |        -|     -|       -|       -|    -|
|Multiplexer      |        -|     -|       0|       2|    -|
|Register         |        -|     -|       2|       -|    -|
+-----------------+---------+------+--------+--------+-----+
|Total            |        0|     0|       2|       4|    0|
+-----------------+---------+------+--------+--------+-----+
|Available        |     1908|  1312|  897024|  448512|  462|
+-----------------+---------+------+--------+--------+-----+
|Utilization (%)  |        0|     0|      ~0|      ~0|    0|
+-----------------+---------+------+--------+--------+-----+

+ Detail: 
    * Instance: 
    N/A

    * DSP: 
    N/A

    * Memory: 
    N/A

    * FIFO: 
    N/A

    * Expression: 
    +-----------------+----------+----+---+----+------------+------------+
    |  Variable Name  | Operation| DSP| FF| LUT| Bitwidth P0| Bitwidth P1|
    +-----------------+----------+----+---+----+------------+------------+
    |ap_block_state1  |        or|   0|  0|   2|           1|           1|
    +-----------------+----------+----+---+----+------------+------------+
    |Total            |          |   0|  0|   2|           1|           1|
    +-----------------+----------+----+---+----+------------+------------+

    * Multiplexer: 
    +-------------+----+-----------+-----+-----------+
    |     Name    | LUT| Input Size| Bits| Total Bits|
    +-------------+----+-----------+-----+-----------+
    |ap_done      |   1|          2|    1|          2|
    |j_c_i_blk_n  |   1|          2|    1|          2|
    +-------------+----+-----------+-----+-----------+
    |Total        |   2|          4|    2|          4|
    +-------------+----+-----------+-----+-----------+

    * Register: 
    +-------------+---+----+-----+-----------+
    |     Name    | FF| LUT| Bits| Const Bits|
    +-------------+---+----+-----+-----------+
    |ap_CS_fsm    |  1|   0|    1|          0|
    |ap_done_reg  |  1|   0|    1|          0|
    +-------------+---+----+-----+-----------+
    |Total        |  2|   0|    2|          0|
    +-------------+---+----+-----+-----------+



================================================================
== Interface
================================================================
* Summary: 
+----------------------+-----+-----+------------+--------------+--------------+
|       RTL Ports      | Dir | Bits|  Protocol  | Source Object|    C Type    |
+----------------------+-----+-----+------------+--------------+--------------+
|ap_clk                |   in|    1|  ap_ctrl_hs|   entry_proc8|  return value|
|ap_rst                |   in|    1|  ap_ctrl_hs|   entry_proc8|  return value|
|ap_start              |   in|    1|  ap_ctrl_hs|   entry_proc8|  return value|
|ap_done               |  out|    1|  ap_ctrl_hs|   entry_proc8|  return value|
|ap_continue           |   in|    1|  ap_ctrl_hs|   entry_proc8|  return value|
|ap_idle               |  out|    1|  ap_ctrl_hs|   entry_proc8|  return value|
|ap_ready              |  out|    1|  ap_ctrl_hs|   entry_proc8|  return value|
|j                     |   in|    2|     ap_none|             j|        scalar|
|j_c_i_din             |  out|    2|     ap_fifo|         j_c_i|       pointer|
|j_c_i_full_n          |   in|    1|     ap_fifo|         j_c_i|       pointer|
|j_c_i_write           |  out|    1|     ap_fifo|         j_c_i|       pointer|
|j_c_i_num_data_valid  |   in|    3|     ap_fifo|         j_c_i|       pointer|
|j_c_i_fifo_cap        |   in|    3|     ap_fifo|         j_c_i|       pointer|
+----------------------+-----+-----+------------+--------------+--------------+

