

================================================================
== Vitis HLS Report for 'pad_input_129'
================================================================
* Date:           Mon Apr 28 18:48:55 2025

* Version:        2024.2.2 (Build 6049644 on Mar  5 2025)
* Project:        project_1
* Solution:       solution1 (Vivado IP Flow Target)
* Product family: aversalaiedge
* Target device:  xave1752-vsva1596-1LJ-i-S


================================================================
== Performance Estimates
================================================================
+ Timing: 
    * Summary: 
    +--------+----------+----------+------------+
    |  Clock |  Target  | Estimated| Uncertainty|
    +--------+----------+----------+------------+
    |ap_clk  |  10.00 ns|  3.971 ns|     2.70 ns|
    +--------+----------+----------+------------+

+ Latency: 
    * Summary: 
    +---------+---------+----------+----------+-----+-----+------------------------------------------------+
    |  Latency (cycles) |  Latency (absolute) |  Interval |                    Pipeline                    |
    |   min   |   max   |    min   |    max   | min | max |                      Type                      |
    +---------+---------+----------+----------+-----+-----+------------------------------------------------+
    |      513|      513|  5.130 us|  5.130 us|  511|  511|  loop auto-rewind stp (delay=0 clock cycles(s))|
    +---------+---------+----------+----------+-----+-----+------------------------------------------------+

    + Detail: 
        * Instance: 
        N/A

        * Loop: 
        +------------+---------+---------+----------+-----------+-----------+------+----------+
        |            |  Latency (cycles) | Iteration|  Initiation Interval  | Trip |          |
        |  Loop Name |   min   |   max   |  Latency |  achieved |   target  | Count| Pipelined|
        +------------+---------+---------+----------+-----------+-----------+------+----------+
        |- pad_loop  |      511|      511|         2|          1|          1|   511|       yes|
        +------------+---------+---------+----------+-----------+-----------+------+----------+



================================================================
== Utilization Estimates
================================================================
* Summary: 
+-----------------+---------+------+--------+--------+-----+
|       Name      | BRAM_18K|  DSP |   FF   |   LUT  | URAM|
+-----------------+---------+------+--------+--------+-----+
|DSP              |        -|     -|       -|       -|    -|
|Expression       |        -|     -|       0|      18|    -|
|FIFO             |        -|     -|       -|       -|    -|
|Instance         |        -|     -|       -|       -|    -|
|Memory           |        -|     -|       -|       -|    -|
|Multiplexer      |        -|     -|       0|      42|    -|
|Register         |        -|     -|      30|       -|    -|
+-----------------+---------+------+--------+--------+-----+
|Total            |        0|     0|      30|      60|    0|
+-----------------+---------+------+--------+--------+-----+
|Available        |     1908|  1312|  897024|  448512|  462|
+-----------------+---------+------+--------+--------+-----+
|Utilization (%)  |        0|     0|      ~0|      ~0|    0|
+-----------------+---------+------+--------+--------+-----+

+ Detail: 
    * Instance: 
    N/A

    * DSP: 
    N/A

    * Memory: 
    N/A

    * FIFO: 
    N/A

    * Expression: 
    +---------------------------+----------+----+---+----+------------+------------+
    |       Variable Name       | Operation| DSP| FF| LUT| Bitwidth P0| Bitwidth P1|
    +---------------------------+----------+----+---+----+------------+------------+
    |add_ln10_fu_144_p2         |         +|   0|  0|   9|           9|           1|
    |ap_condition_92            |       and|   0|  0|   2|           1|           1|
    |icmp_ln10_fu_187_p2        |      icmp|   0|  0|   3|           9|           3|
    |ap_block_pp0_stage0_11001  |        or|   0|  0|   2|           1|           1|
    |ap_enable_pp0              |       xor|   0|  0|   2|           1|           2|
    +---------------------------+----------+----+---+----+------------+------------+
    |Total                      |          |   0|  0|  18|          21|           8|
    +---------------------------+----------+----+---+----+------------+------------+

    * Multiplexer: 
    +----------------------------------+----+-----------+-----+-----------+
    |               Name               | LUT| Input Size| Bits| Total Bits|
    +----------------------------------+----+-----------+-----+-----------+
    |ap_done_int                       |   1|          2|    1|          2|
    |ap_loop_exit_ready_pp0_iter1_reg  |   1|          2|    1|          2|
    |ap_return                         |   8|          2|    4|          8|
    |ap_sig_allocacmp_p27_i_load       |  16|          2|    9|         18|
    |p27_i_fu_58                       |  16|          2|    9|         18|
    +----------------------------------+----+-----------+-----+-----------+
    |Total                             |  42|         10|   24|         48|
    +----------------------------------+----+-----------+-----+-----------+

    * Register: 
    +----------------------------------+---+----+-----+-----------+
    |               Name               | FF| LUT| Bits| Const Bits|
    +----------------------------------+---+----+-----+-----------+
    |ap_CS_fsm                         |  1|   0|    1|          0|
    |ap_done_reg                       |  1|   0|    1|          0|
    |ap_enable_reg_pp0_iter1           |  1|   0|    1|          0|
    |ap_loop_exit_ready_pp0_iter1_reg  |  1|   0|    1|          0|
    |ap_return_preg                    |  4|   0|    4|          0|
    |i_read_reg_237                    |  4|   0|    4|          0|
    |lshr_ln_i_reg_245                 |  7|   0|    7|          0|
    |p27_i_fu_58                       |  9|   0|    9|          0|
    |trunc_ln10_reg_241                |  2|   0|    2|          0|
    +----------------------------------+---+----+-----+-----------+
    |Total                             | 30|   0|   30|          0|
    +----------------------------------+---+----+-----+-----------+



================================================================
== Interface
================================================================
* Summary: 
+-----------------------+-----+-----+------------+---------------+--------------+
|       RTL Ports       | Dir | Bits|  Protocol  | Source Object |    C Type    |
+-----------------------+-----+-----+------------+---------------+--------------+
|ap_clk                 |   in|    1|  ap_ctrl_hs|  pad_input.129|  return value|
|ap_rst                 |   in|    1|  ap_ctrl_hs|  pad_input.129|  return value|
|ap_start               |   in|    1|  ap_ctrl_hs|  pad_input.129|  return value|
|ap_done                |  out|    1|  ap_ctrl_hs|  pad_input.129|  return value|
|ap_continue            |   in|    1|  ap_ctrl_hs|  pad_input.129|  return value|
|ap_idle                |  out|    1|  ap_ctrl_hs|  pad_input.129|  return value|
|ap_ready               |  out|    1|  ap_ctrl_hs|  pad_input.129|  return value|
|ap_return              |  out|    4|  ap_ctrl_hs|  pad_input.129|  return value|
|A_address0             |  out|   14|   ap_memory|              A|         array|
|A_ce0                  |  out|    1|   ap_memory|              A|         array|
|A_q0                   |   in|   32|   ap_memory|              A|         array|
|i                      |   in|    4|     ap_none|              i|        scalar|
|padded_A_3_i_address0  |  out|    7|   ap_memory|   padded_A_3_i|         array|
|padded_A_3_i_ce0       |  out|    1|   ap_memory|   padded_A_3_i|         array|
|padded_A_3_i_we0       |  out|    1|   ap_memory|   padded_A_3_i|         array|
|padded_A_3_i_d0        |  out|   32|   ap_memory|   padded_A_3_i|         array|
|padded_A_2_i_address0  |  out|    7|   ap_memory|   padded_A_2_i|         array|
|padded_A_2_i_ce0       |  out|    1|   ap_memory|   padded_A_2_i|         array|
|padded_A_2_i_we0       |  out|    1|   ap_memory|   padded_A_2_i|         array|
|padded_A_2_i_d0        |  out|   32|   ap_memory|   padded_A_2_i|         array|
|padded_A_1_i_address0  |  out|    7|   ap_memory|   padded_A_1_i|         array|
|padded_A_1_i_ce0       |  out|    1|   ap_memory|   padded_A_1_i|         array|
|padded_A_1_i_we0       |  out|    1|   ap_memory|   padded_A_1_i|         array|
|padded_A_1_i_d0        |  out|   32|   ap_memory|   padded_A_1_i|         array|
|padded_A_i_address0    |  out|    7|   ap_memory|     padded_A_i|         array|
|padded_A_i_ce0         |  out|    1|   ap_memory|     padded_A_i|         array|
|padded_A_i_we0         |  out|    1|   ap_memory|     padded_A_i|         array|
|padded_A_i_d0          |  out|   32|   ap_memory|     padded_A_i|         array|
+-----------------------+-----+-----+------------+---------------+--------------+

