

================================================================
== Vitis HLS Report for 'VITIS_LOOP_51_1_proc'
================================================================
* Date:           Mon Apr 28 18:49:12 2025

* Version:        2024.2.2 (Build 6049644 on Mar  5 2025)
* Project:        project_1
* Solution:       solution1 (Vivado IP Flow Target)
* Product family: aversalaiedge
* Target device:  xave1752-vsva1596-1LJ-i-S


================================================================
== Performance Estimates
================================================================
+ Timing: 
    * Summary: 
    +--------+----------+----------+------------+
    |  Clock |  Target  | Estimated| Uncertainty|
    +--------+----------+----------+------------+
    |ap_clk  |  10.00 ns|  6.054 ns|     2.70 ns|
    +--------+----------+----------+------------+

+ Latency: 
    * Summary: 
    +---------+---------+----------+----------+--------+--------+---------+
    |  Latency (cycles) |  Latency (absolute) |     Interval    | Pipeline|
    |   min   |   max   |    min   |    max   |   min  |   max  |   Type  |
    +---------+---------+----------+----------+--------+--------+---------+
    |   549249|   549249|  5.492 ms|  5.492 ms|  549249|  549249|       no|
    +---------+---------+----------+----------+--------+--------+---------+

    + Detail: 
        * Instance: 
        +------------------------------+---------------------------+---------+---------+----------+----------+-------+-------+---------+
        |                              |                           |  Latency (cycles) |  Latency (absolute) |    Interval   | Pipeline|
        |           Instance           |           Module          |   min   |   max   |    min   |    max   |  min  |  max  |   Type  |
        +------------------------------+---------------------------+---------+---------+----------+----------+-------+-------+---------+
        |dataflow_parent_loop_proc_U0  |dataflow_parent_loop_proc  |    34327|    34327|  0.343 ms|  0.343 ms|  34327|  34327|       no|
        +------------------------------+---------------------------+---------+---------+----------+----------+-------+-------+---------+

        * Loop: 
        +-------------------+---------+---------+----------+-----------+-----------+------+----------+
        |                   |  Latency (cycles) | Iteration|  Initiation Interval  | Trip |          |
        |     Loop Name     |   min   |   max   |  Latency |  achieved |   target  | Count| Pipelined|
        +-------------------+---------+---------+----------+-----------+-----------+------+----------+
        |- VITIS_LOOP_51_1  |   549248|   549248|     34329|          -|          -|    16|        no|
        +-------------------+---------+---------+----------+-----------+-----------+------+----------+



================================================================
== Utilization Estimates
================================================================
* Summary: 
+-----------------+---------+------+--------+--------+-----+
|       Name      | BRAM_18K|  DSP |   FF   |   LUT  | URAM|
+-----------------+---------+------+--------+--------+-----+
|DSP              |        -|     -|       -|       -|    -|
|Expression       |        -|     -|       0|      18|    -|
|FIFO             |        -|     -|       -|       -|    -|
|Instance         |       32|     8|   20229|   24009|    0|
|Memory           |        -|     -|       -|       -|    -|
|Multiplexer      |        -|     -|       0|      16|    -|
|Register         |        -|     -|      10|       -|    -|
+-----------------+---------+------+--------+--------+-----+
|Total            |       32|     8|   20239|   24043|    0|
+-----------------+---------+------+--------+--------+-----+
|Available        |     1908|  1312|  897024|  448512|  462|
+-----------------+---------+------+--------+--------+-----+
|Utilization (%)  |        1|    ~0|       2|       5|    0|
+-----------------+---------+------+--------+--------+-----+

+ Detail: 
    * Instance: 
    +------------------------------+---------------------------+---------+----+-------+-------+-----+
    |           Instance           |           Module          | BRAM_18K| DSP|   FF  |  LUT  | URAM|
    +------------------------------+---------------------------+---------+----+-------+-------+-----+
    |dataflow_parent_loop_proc_U0  |dataflow_parent_loop_proc  |       32|   8|  20229|  24009|    0|
    +------------------------------+---------------------------+---------+----+-------+-------+-----+
    |Total                         |                           |       32|   8|  20229|  24009|    0|
    +------------------------------+---------------------------+---------+----+-------+-------+-----+

    * DSP: 
    N/A

    * Memory: 
    N/A

    * FIFO: 
    N/A

    * Expression: 
    +----------------------------+----------+----+---+----+------------+------------+
    |        Variable Name       | Operation| DSP| FF| LUT| Bitwidth P0| Bitwidth P1|
    +----------------------------+----------+----+---+----+------------+------------+
    |loop_dataflow_input_count   |         +|   0|  0|   6|           5|           1|
    |loop_dataflow_output_count  |         +|   0|  0|   6|           5|           1|
    |bound_minus_1               |         -|   0|  0|   6|           6|           1|
    +----------------------------+----------+----+---+----+------------+------------+
    |Total                       |          |   0|  0|  18|          16|           3|
    +----------------------------+----------+----+---+----+------------+------------+

    * Multiplexer: 
    +----------------------------+----+-----------+-----+-----------+
    |            Name            | LUT| Input Size| Bits| Total Bits|
    +----------------------------+----+-----------+-----+-----------+
    |loop_dataflow_input_count   |   8|          2|    5|         10|
    |loop_dataflow_output_count  |   8|          2|    5|         10|
    +----------------------------+----+-----------+-----+-----------+
    |Total                       |  16|          4|   10|         20|
    +----------------------------+----+-----------+-----+-----------+

    * Register: 
    +----------------------------+---+----+-----+-----------+
    |            Name            | FF| LUT| Bits| Const Bits|
    +----------------------------+---+----+-----+-----------+
    |loop_dataflow_input_count   |  5|   0|    5|          0|
    |loop_dataflow_output_count  |  5|   0|    5|          0|
    +----------------------------+---+----+-----+-----------+
    |Total                       | 10|   0|   10|          0|
    +----------------------------+---+----+-----+-----------+



================================================================
== Interface
================================================================
* Summary: 
+-------------+-----+-----+------------+----------------------+--------------+
|  RTL Ports  | Dir | Bits|  Protocol  |     Source Object    |    C Type    |
+-------------+-----+-----+------------+----------------------+--------------+
|A_address0   |  out|   14|   ap_memory|                     A|         array|
|A_ce0        |  out|    1|   ap_memory|                     A|         array|
|A_d0         |  out|   32|   ap_memory|                     A|         array|
|A_q0         |   in|   32|   ap_memory|                     A|         array|
|A_we0        |  out|    1|   ap_memory|                     A|         array|
|A_address1   |  out|   14|   ap_memory|                     A|         array|
|A_ce1        |  out|    1|   ap_memory|                     A|         array|
|A_d1         |  out|   32|   ap_memory|                     A|         array|
|A_q1         |   in|   32|   ap_memory|                     A|         array|
|A_we1        |  out|    1|   ap_memory|                     A|         array|
|B_address0   |  out|   14|   ap_memory|                     B|         array|
|B_ce0        |  out|    1|   ap_memory|                     B|         array|
|B_d0         |  out|   32|   ap_memory|                     B|         array|
|B_q0         |   in|   32|   ap_memory|                     B|         array|
|B_we0        |  out|    1|   ap_memory|                     B|         array|
|B_address1   |  out|   14|   ap_memory|                     B|         array|
|B_ce1        |  out|    1|   ap_memory|                     B|         array|
|B_d1         |  out|   32|   ap_memory|                     B|         array|
|B_q1         |   in|   32|   ap_memory|                     B|         array|
|B_we1        |  out|    1|   ap_memory|                     B|         array|
|C_address0   |  out|   14|   ap_memory|                     C|         array|
|C_ce0        |  out|    1|   ap_memory|                     C|         array|
|C_d0         |  out|   32|   ap_memory|                     C|         array|
|C_q0         |   in|   32|   ap_memory|                     C|         array|
|C_we0        |  out|    1|   ap_memory|                     C|         array|
|C_address1   |  out|   14|   ap_memory|                     C|         array|
|C_ce1        |  out|    1|   ap_memory|                     C|         array|
|C_d1         |  out|   32|   ap_memory|                     C|         array|
|C_q1         |   in|   32|   ap_memory|                     C|         array|
|C_we1        |  out|    1|   ap_memory|                     C|         array|
|ap_clk       |   in|    1|  ap_ctrl_hs|  VITIS_LOOP_51_1_proc|  return value|
|ap_rst       |   in|    1|  ap_ctrl_hs|  VITIS_LOOP_51_1_proc|  return value|
|ap_start     |   in|    1|  ap_ctrl_hs|  VITIS_LOOP_51_1_proc|  return value|
|ap_done      |  out|    1|  ap_ctrl_hs|  VITIS_LOOP_51_1_proc|  return value|
|ap_ready     |  out|    1|  ap_ctrl_hs|  VITIS_LOOP_51_1_proc|  return value|
|ap_idle      |  out|    1|  ap_ctrl_hs|  VITIS_LOOP_51_1_proc|  return value|
|ap_continue  |   in|    1|  ap_ctrl_hs|  VITIS_LOOP_51_1_proc|  return value|
+-------------+-----+-----+------------+----------------------+--------------+

